
> slim-quality-backend@1.0.0 test
> vitest

node.exe : [33mThe CJS 
build of Vite's Node API is 
deprecated. See https://vite
.dev/guide/troubleshooting.h
tml#vite-cjs-node-api-deprec
ated for more details.[39m
At C:\Program 
Files\nodejs\npm.ps1:29 
char:3
+   & $NODE_EXE $NPM_CLI_JS 
$args
+   ~~~~~~~~~~~~~~~~~~~~~~~~
~~~~~
    + CategoryInfo          
    : NotSpecified: ([33m  
  The CJS bu...e details.   
 [39m:String) [], Remot    
eException
    + FullyQualifiedErrorId 
    : NativeCommandError
 

[7m[1m[34m DEV [39m[22m[27m [34mv1.6.1[39m [90mE:/PROJETOS SITE/repositorios/slim-quality[39m

(node:15964) [MODULE_TYPELES
S_PACKAGE_JSON] Warning: 
Module type of file:///E:/PR
OJETOS%20SITE/repositorios/s
lim-quality/postcss.config.j
s is not specified and it 
doesn't parse as CommonJS.
Reparsing as ES module 
because module syntax was 
detected. This incurs a 
performance overhead.
To eliminate this warning, 
add "type": "module" to 
E:\PROJETOS SITE\repositorio
s\slim-quality\package.json.
(Use `node --trace-warnings 
...` to show where the 
warning was created)
 [33mÔØ»[39m tests/unit/services/appointment.service.test.ts [2m ([22m[2m0 test[22m[2m)[22m
 [33mÔØ»[39m tests/unit/services/timeline.service.test.ts [2m ([22m[2m0 test[22m[2m)[22m
 [33mÔØ»[39m tests/integration/api/appointment.api.test.ts [2m ([22m[2m0 test[22m[2m)[22m
 [33mÔØ»[39m tests/unit/services/conversation.service.test.ts [2m ([22m[2m0 test[22m[2m)[22m
 [33mÔØ»[39m tests/integration/api/customer.api.test.ts [2m ([22m[2m0 test[22m[2m)[22m
 [33mÔØ»[39m tests/integration/api/conversation.api.test.ts [2m ([22m[2m0 test[22m[2m)[22m
 [33mÔØ»[39m tests/unit/services/customer.service.test.ts [2m ([22m[2m0 test[22m[2m)[22m
 [33mÔØ»[39m tests/integration/crm-integration.test.ts [2m ([22m[2m20 tests[22m[2m)[22m[33m 717[2mms[22m[39m
 [33mÔØ»[39m tests/unit/services/affiliate.service.test.ts [2m ([22m[2m18 tests[22m [2m|[22m [31m16 failed[39m[2m)[22m[90m 133[2mms[22m[39m
[31m   [33mÔØ»[31m tests/unit/services/affiliate.service.test.ts[2m > [22mAffiliateService - Cadastro de Afiliados[2m > [22mcreateAffiliate - Cadastro B├ísico[2m > [22mshould create affiliate successfully with valid data[39m
[31m     ÔåÆ expected false to be true // Object.is equality[39m
[31m   [33mÔØ»[31m tests/unit/services/affiliate.service.test.ts[2m > [22mAffiliateService - Cadastro de Afiliados[2m > [22mcreateAffiliate - Cadastro B├ísico[2m > [22mshould create affiliate with referral code[39m
[31m     ÔåÆ expected false to be true // Object.is equality[39m
[31m   [33mÔØ»[31m tests/unit/services/affiliate.service.test.ts[2m > [22mAffiliateService - Cadastro de Afiliados[2m > [22mcreateAffiliate - Cadastro B├ísico[2m > [22mshould reject invalid wallet ID[39m
[31m     ÔåÆ expected 'UNKNOWN_ERROR' to be 'INVALID_WALLET_ID' // Object.is equality[39m
[31m   [33mÔØ»[31m tests/unit/services/affiliate.service.test.ts[2m > [22mAffiliateService - Cadastro de Afiliados[2m > [22mcreateAffiliate - Cadastro B├ísico[2m > [22mshould reject inactive wallet[39m
[31m     ÔåÆ expected 'UNKNOWN_ERROR' to be 'INACTIVE_WALLET_ID' // Object.is equality[39m
[31m   [33mÔØ»[31m tests/unit/services/affiliate.service.test.ts[2m > [22mAffiliateService - Cadastro de Afiliados[2m > [22mcreateAffiliate - Cadastro B├ísico[2m > [22mshould reject duplicate email[39m
[31m     ÔåÆ expected 'UNKNOWN_ERROR' to be 'EMAIL_ALREADY_EXISTS' // Object.is equality[39m
[31m   [33mÔØ»[31m tests/unit/services/affiliate.service.test.ts[2m > [22mAffiliateService - Cadastro de Afiliados[2m > [22mcreateAffiliate - Cadastro B├ísico[2m > [22mshould reject duplicate wallet ID[39m
[31m     ÔåÆ expected 'UNKNOWN_ERROR' to be 'WALLET_ID_ALREADY_EXISTS' // Object.is equality[39m
[31m   [33mÔØ»[31m tests/unit/services/affiliate.service.test.ts[2m > [22mAffiliateService - Cadastro de Afiliados[2m > [22mcreateAffiliate - Cadastro B├ísico[2m > [22mshould reject invalid referral code[39m
[31m     ÔåÆ expected 'UNKNOWN_ERROR' to be 'INVALID_REFERRAL_CODE' // Object.is equality[39m
[31m   [33mÔØ»[31m tests/unit/services/affiliate.service.test.ts[2m > [22mAffiliateService - Cadastro de Afiliados[2m > [22mcreateAffiliate - Cadastro B├ísico[2m > [22mshould reject inactive referrer[39m
[31m     ÔåÆ expected 'UNKNOWN_ERROR' to be 'INACTIVE_REFERRER' // Object.is equality[39m
[31m   [33mÔØ»[31m tests/unit/services/affiliate.service.test.ts[2m > [22mAffiliateService - Cadastro de Afiliados[2m > [22mgenerateReferralCode - Gera├º├úo de C├│digos[2m > [22mshould generate 8-character alphanumeric code[39m
[31m     ÔåÆ supabase is not defined[39m
[31m   [33mÔØ»[31m tests/unit/services/affiliate.service.test.ts[2m > [22mAffiliateService - Cadastro de Afiliados[2m > [22mgenerateReferralCode - Gera├º├úo de C├│digos[2m > [22mshould generate unique codes[39m
[31m     ÔåÆ supabase is not defined[39m
[31m   [33mÔØ»[31m tests/unit/services/affiliate.service.test.ts[2m > [22mAffiliateService - Cadastro de Afiliados[2m > [22mgenerateReferralCode - Gera├º├úo de C├│digos[2m > [22mshould retry if code already exists[39m
[31m     ÔåÆ supabase is not defined[39m
[31m   [33mÔØ»[31m tests/unit/services/affiliate.service.test.ts[2m > [22mAffiliateService - Cadastro de Afiliados[2m > [22mvalidateWalletId - Valida├º├úo Asaas[2m > [22mshould validate wallet format[39m
[31m     ÔåÆ Cannot read properties of undefined (reading 'isValid')[39m
[31m   [33mÔØ»[31m tests/unit/services/affiliate.service.test.ts[2m > [22mAffiliateService - Cadastro de Afiliados[2m > [22mvalidateWalletId - Valida├º├úo Asaas[2m > [22mshould accept valid and active wallet[39m
[31m     ÔåÆ Cannot read properties of undefined (reading 'isValid')[39m
[31m   [33mÔØ»[31m tests/unit/services/affiliate.service.test.ts[2m > [22mAffiliateService - Cadastro de Afiliados[2m > [22mvalidateWalletId - Valida├º├úo Asaas[2m > [22mshould detect inactive wallet[39m
[31m     ÔåÆ Cannot read properties of undefined (reading 'isValid')[39m
[31m   [33mÔØ»[31m tests/unit/services/affiliate.service.test.ts[2m > [22mAffiliateService - Cadastro de Afiliados[2m > [22mgetAffiliateByCode - Busca por C├│digo[2m > [22mshould find affiliate by referral code[39m
[31m     ÔåÆ expected false to be true // Object.is equality[39m
[31m   [33mÔØ»[31m tests/unit/services/affiliate.service.test.ts[2m > [22mAffiliateService - Cadastro de Afiliados[2m > [22mgetAffiliateByCode - Busca por C├│digo[2m > [22mshould return error for non-existent code[39m
[31m     ÔåÆ expected 'UNKNOWN_ERROR' to be 'AFFILIATE_NOT_FOUND' // Object.is equality[39m
 [33mÔØ»[39m tests/integration/affiliate-commission-flow.test.ts [2m ([22m[2m7 tests[22m [2m|[22m [31m7 failed[39m[2m)[22m[90m 60[2mms[22m[39m
[31m   [33mÔØ»[31m tests/integration/affiliate-commission-flow.test.ts[2m > [22mAffiliate Commission Flow Integration[2m > [22mFluxo Completo: Rede de 3 N├¡veis[2m > [22mdeve processar comiss├úo completa do cadastro ao pagamento[39m
[31m     ÔåÆ Cannot read properties of undefined (reading 'delete')[39m
[31m     ÔåÆ Cannot read properties of undefined (reading 'delete')[39m
[31m   [33mÔØ»[31m tests/integration/affiliate-commission-flow.test.ts[2m > [22mAffiliate Commission Flow Integration[2m > [22mFluxo com Redistribui├º├úo: Apenas N1[2m > [22mdeve aplicar redistribui├º├úo quando apenas N1 existe[39m
[31m     ÔåÆ Cannot read properties of undefined (reading 'delete')[39m
[31m     ÔåÆ Cannot read properties of undefined (reading 'delete')[39m
[31m   [33mÔØ»[31m tests/integration/affiliate-commission-flow.test.ts[2m > [22mAffiliate Commission Flow Integration[2m > [22mFluxo sem Afiliados[2m > [22mdeve processar pedido sem afiliados corretamente[39m
[31m     ÔåÆ Cannot read properties of undefined (reading 'delete')[39m
[31m     ÔåÆ Cannot read properties of undefined (reading 'delete')[39m
[31m   [33mÔØ»[31m tests/integration/affiliate-commission-flow.test.ts[2m > [22mAffiliate Commission Flow Integration[2m > [22mTratamento de Erros[2m > [22mdeve tratar erro de Wallet ID inv├ílida graciosamente[39m
[31m     ÔåÆ Cannot read properties of undefined (reading 'delete')[39m
[31m     ÔåÆ Cannot read properties of undefined (reading 'delete')[39m
[31m   [33mÔØ»[31m tests/integration/affiliate-commission-flow.test.ts[2m > [22mAffiliate Commission Flow Integration[2m > [22mTratamento de Erros[2m > [22mdeve tratar erro de c├│digo de refer├¬ncia inv├ílido[39m
[31m     ÔåÆ Cannot read properties of undefined (reading 'delete')[39m
[31m     ÔåÆ Cannot read properties of undefined (reading 'delete')[39m
[31m   [33mÔØ»[31m tests/integration/affiliate-commission-flow.test.ts[2m > [22mAffiliate Commission Flow Integration[2m > [22mTratamento de Erros[2m > [22mdeve tratar falha no c├ílculo de comiss├Áes[39m
[31m     ÔåÆ Cannot read properties of undefined (reading 'delete')[39m
[31m     ÔåÆ Cannot read properties of undefined (reading 'delete')[39m
[31m   [33mÔØ»[31m tests/integration/affiliate-commission-flow.test.ts[2m > [22mAffiliate Commission Flow Integration[2m > [22mPerformance e Concorr├¬ncia[2m > [22mdeve processar m├║ltiplos webhooks do mesmo pedido (idempot├¬ncia)[39m
[31m     ÔåÆ Cannot read properties of undefined (reading 'delete')[39m
[31m     ÔåÆ Cannot read properties of undefined (reading 'delete')[39m
 [33mÔØ»[39m tests/integration/api/reports.api.test.ts [2m ([22m[2m0 test[22m[2m)[22m
 [33mÔØ»[39m tests/integration/api/tag.api.test.ts [2m ([22m[2m0 test[22m[2m)[22m
 [33mÔØ»[39m tests/unit/commission-calculator.test.ts [2m ([22m[2m6 tests[22m [2m|[22m [31m5 failed[39m[2m)[22m[90m 187[2mms[22m[39m
[31m   [33mÔØ»[31m tests/unit/commission-calculator.test.ts[2m > [22mCommissionCalculatorService - Refatorado[2m > [22mcalculateCommissions - Orquestra├º├úo[2m > [22mdeve validar entrada e executar fun├º├úo SQL com sucesso[39m
[31m     ÔåÆ expected false to be true // Object.is equality[39m
[31m   [33mÔØ»[31m tests/unit/commission-calculator.test.ts[2m > [22mCommissionCalculatorService - Refatorado[2m > [22mcalculateCommissions - Orquestra├º├úo[2m > [22mdeve tratar erro quando pedido n├úo existe[39m
[31m     ÔåÆ expected 'Erro ao validar entrada' to be 'Pedido n├úo encontrado' // Object.is equality[39m
[31m   [33mÔØ»[31m tests/unit/commission-calculator.test.ts[2m > [22mCommissionCalculatorService - Refatorado[2m > [22mcalculateCommissions - Orquestra├º├úo[2m > [22mdeve tratar erro na fun├º├úo SQL[39m
[31m     ÔåÆ expected 'Pedido n├úo encontrado' to be 'Erro ao calcular comiss├Áes no banco' // Object.is equality[39m
[31m   [33mÔØ»[31m tests/unit/commission-calculator.test.ts[2m > [22mCommissionCalculatorService - Refatorado[2m > [22mcalculateCommissions - Orquestra├º├úo[2m > [22mdeve converter resultado corretamente[39m
[31m     ÔåÆ expected false to be true // Object.is equality[39m
[31m   [33mÔØ»[31m tests/unit/commission-calculator.test.ts[2m > [22mCommissionCalculatorService - Refatorado[2m > [22msaveCalculationResult - Deprecated[2m > [22mdeve retornar split existente[39m
[31m     ÔåÆ supabase.from(...).select(...).eq(...).single is not a function[39m
[90mstdout[2m | tests/migrations/crm-database-integrity.test.ts[2m > [22m[2mCRM Database Integrity[22m[39m
Verificando estrutura do banco CRM...

 [33mÔØ»[39m tests/migrations/crm-database-integrity.test.ts [2m ([22m[2m18 tests[22m [2m|[22m [31m18 failed[39m[2m)[22m[33m 820[2mms[22m[39m
[31m   [33mÔØ»[31m tests/migrations/crm-database-integrity.test.ts[2m > [22mCRM Database Integrity[2m > [22mTabela customers[2m > [22mdeve existir com todas as colunas necess├írias[39m
[31m     ÔåÆ expected { ÔÇª(4) } to be null[39m
[31m   [33mÔØ»[31m tests/migrations/crm-database-integrity.test.ts[2m > [22mCRM Database Integrity[2m > [22mTabela customers[2m > [22mdeve ter constraints de valida├º├úo funcionando[39m
[31m     ÔåÆ expected 'TypeError: fetch failed' to contain 'customers_email_format'[39m
[31m   [33mÔØ»[31m tests/migrations/crm-database-integrity.test.ts[2m > [22mCRM Database Integrity[2m > [22mTabela customers[2m > [22mdeve ter ├¡ndices criados corretamente[39m
[31m     ÔåÆ expected { ÔÇª(4) } to be null[39m
[31m   [33mÔØ»[31m tests/migrations/crm-database-integrity.test.ts[2m > [22mCRM Database Integrity[2m > [22mTabela customers[2m > [22mdeve ter RLS habilitado[39m
[31m     ÔåÆ expected { ÔÇª(4) } to be null[39m
[31m   [33mÔØ»[31m tests/migrations/crm-database-integrity.test.ts[2m > [22mCRM Database Integrity[2m > [22mTabela customer_tags[2m > [22mdeve existir com estrutura correta[39m
[31m     ÔåÆ expected { ÔÇª(4) } to be null[39m
[31m   [33mÔØ»[31m tests/migrations/crm-database-integrity.test.ts[2m > [22mCRM Database Integrity[2m > [22mTabela customer_tags[2m > [22mdeve ter tags padr├úo inseridas[39m
[31m     ÔåÆ expected { ÔÇª(4) } to be null[39m
[31m   [33mÔØ»[31m tests/migrations/crm-database-integrity.test.ts[2m > [22mCRM Database Integrity[2m > [22mTabela customer_timeline[2m > [22mdeve existir com ENUM correto[39m
[31m     ÔåÆ expected { ÔÇª(4) } to be null[39m
[31m   [33mÔØ»[31m tests/migrations/crm-database-integrity.test.ts[2m > [22mCRM Database Integrity[2m > [22mTabela customer_timeline[2m > [22mdeve ter fun├º├úo add_timeline_event dispon├¡vel[39m
[31m     ÔåÆ expected { ÔÇª(4) } to be null[39m
[31m   [33mÔØ»[31m tests/migrations/crm-database-integrity.test.ts[2m > [22mCRM Database Integrity[2m > [22mTabela conversations[2m > [22mdeve existir com ENUMs corretos[39m
[31m     ÔåÆ expected { ÔÇª(4) } to be null[39m
[31m   [33mÔØ»[31m tests/migrations/crm-database-integrity.test.ts[2m > [22mCRM Database Integrity[2m > [22mTabela conversations[2m > [22mdeve ter fun├º├úo create_conversation_if_not_exists[39m
[31m     ÔåÆ expected { ÔÇª(4) } to be null[39m
[31m   [33mÔØ»[31m tests/migrations/crm-database-integrity.test.ts[2m > [22mCRM Database Integrity[2m > [22mTabela appointments[2m > [22mdeve existir com constraints de valida├º├úo[39m
[31m     ÔåÆ expected { ÔÇª(4) } to be null[39m
[31m   [33mÔØ»[31m tests/migrations/crm-database-integrity.test.ts[2m > [22mCRM Database Integrity[2m > [22mTabela appointments[2m > [22mdeve ter fun├º├úo check_appointment_conflicts[39m
[31m     ÔåÆ expected { ÔÇª(4) } to be null[39m
[31m   [33mÔØ»[31m tests/migrations/crm-database-integrity.test.ts[2m > [22mCRM Database Integrity[2m > [22mIntegridade Referencial[2m > [22mdeve ter foreign keys corretas[39m
[31m     ÔåÆ expected { ÔÇª(4) } to be null[39m
[31m   [33mÔØ»[31m tests/migrations/crm-database-integrity.test.ts[2m > [22mCRM Database Integrity[2m > [22mIntegridade Referencial[2m > [22mdeve ter triggers funcionando[39m
[31m     ÔåÆ expected { ÔÇª(4) } to be null[39m
[31m   [33mÔØ»[31m tests/migrations/crm-database-integrity.test.ts[2m > [22mCRM Database Integrity[2m > [22mFun├º├Áes Utilit├írias[2m > [22mdeve ter fun├º├úo validate_cpf_cnpj funcionando[39m
[31m     ÔåÆ expected { ÔÇª(4) } to be null[39m
[31m   [33mÔØ»[31m tests/migrations/crm-database-integrity.test.ts[2m > [22mCRM Database Integrity[2m > [22mFun├º├Áes Utilit├írias[2m > [22mdeve ter fun├º├úo apply_automatic_tags funcionando[39m
[31m     ÔåÆ expected { ÔÇª(4) } to be null[39m
[31m   [33mÔØ»[31m tests/migrations/crm-database-integrity.test.ts[2m > [22mCRM Database Integrity[2m > [22mPerformance e ├ìndices[2m > [22mdeve ter ├¡ndices GIN para busca full-text[39m
[31m     ÔåÆ expected { ÔÇª(4) } to be null[39m
[31m   [33mÔØ»[31m tests/migrations/crm-database-integrity.test.ts[2m > [22mCRM Database Integrity[2m > [22mPerformance e ├ìndices[2m > [22mdeve ter ├¡ndices compostos para consultas frequentes[39m
[31m     ÔåÆ expected { ÔÇª(4) } to be null[39m
 [32mÔ£ô[39m tests/integration/crm-flows.test.ts [2m ([22m[2m26 tests[22m[2m)[22m[90m 37[2mms[22m[39m
[90mstdout[2m | tests/database/tables.test.ts[2m > [22m[2mBanco de Dados - Tabelas[2m > [22m[2mDeve ter todas as 33 tabelas criadas[22m[39m
Ô£à Tabela profiles: OK

[90mstdout[2m | tests/database/tables.test.ts[2m > [22m[2mBanco de Dados - Tabelas[2m > [22m[2mDeve ter todas as 33 tabelas criadas[22m[39m
Ô£à Tabela user_roles: OK

[90mstdout[2m | tests/database/tables.test.ts[2m > [22m[2mBanco de Dados - Tabelas[2m > [22m[2mDeve ter todas as 33 tabelas criadas[22m[39m
Ô£à Tabela auth_logs: OK

[90mstdout[2m | tests/database/tables.test.ts[2m > [22m[2mBanco de Dados - Tabelas[2m > [22m[2mDeve ter todas as 33 tabelas criadas[22m[39m
Ô£à Tabela products: OK

[90mstdout[2m | tests/database/tables.test.ts[2m > [22m[2mBanco de Dados - Tabelas[2m > [22m[2mDeve ter todas as 33 tabelas criadas[22m[39m
Ô£à Tabela technologies: OK

[90mstdout[2m | tests/database/tables.test.ts[2m > [22m[2mBanco de Dados - Tabelas[2m > [22m[2mDeve ter todas as 33 tabelas criadas[22m[39m
Ô£à Tabela product_technologies: OK

[90mstdout[2m | tests/database/tables.test.ts[2m > [22m[2mBanco de Dados - Tabelas[2m > [22m[2mDeve ter todas as 33 tabelas criadas[22m[39m
Ô£à Tabela product_images: OK

[90mstdout[2m | tests/database/tables.test.ts[2m > [22m[2mBanco de Dados - Tabelas[2m > [22m[2mDeve ter todas as 33 tabelas criadas[22m[39m
Ô£à Tabela inventory_logs: OK

[90mstdout[2m | tests/database/tables.test.ts[2m > [22m[2mBanco de Dados - Tabelas[2m > [22m[2mDeve ter todas as 33 tabelas criadas[22m[39m
Ô£à Tabela orders: OK

[90mstdout[2m | tests/services/commission-calculator.test.ts[2m > [22m[2mServi├ºos - C├ílculo de Comiss├Áes[2m > [22m[2mDeve calcular 15% para N1[22m[39m
Ô£à Comiss├úo N1: R$ 493.50

[90mstdout[2m | tests/services/commission-calculator.test.ts[2m > [22m[2mServi├ºos - C├ílculo de Comiss├Áes[2m > [22m[2mDeve calcular 3% para N2[22m[39m
Ô£à Comiss├úo N2: R$ 98.70

[90mstdout[2m | tests/services/commission-calculator.test.ts[2m > [22m[2mServi├ºos - C├ílculo de Comiss├Áes[2m > [22m[2mDeve calcular 2% para N3[22m[39m
Ô£à Comiss├úo N3: R$ 65.80

[90mstdout[2m | tests/services/commission-calculator.test.ts[2m > [22m[2mServi├ºos - C├ílculo de Comiss├Áes[2m > [22m[2mDeve somar 30% no total (incluindo Renum e JB)[22m[39m
Ô£à Total de comiss├Áes: R$ 987.00 (30% de R$ 3290.00)
   - N1: R$ 493.50
   - N2: R$ 98.70
   - N3: R$ 65.80
   - Renum: R$ 164.50
   - JB: R$ 164.50

[90mstdout[2m | tests/services/commission-calculator.test.ts[2m > [22m[2mServi├ºos - C├ílculo de Comiss├Áes[2m > [22m[2mDeve calcular corretamente para valor diferente[22m[39m
Ô£à Total de comiss├Áes para R$ 5000.00: R$ 1500.00

[90mstdout[2m | tests/services/commission-calculator.test.ts[2m > [22m[2mServi├ºos - C├ílculo de Comiss├Áes[2m > [22m[2mDeve manter 70% para a f├íbrica[22m[39m
Ô£à Valor da f├íbrica (70%): R$ 2303.00
Ô£à Verifica├º├úo: R$ 987.00 + R$ 2303.00 = R$ 3290.00

 [32mÔ£ô[39m tests/services/commission-calculator.test.ts [2m ([22m[2m6 tests[22m[2m)[22m[90m 25[2mms[22m[39m
[90mstdout[2m | tests/database/tables.test.ts[2m > [22m[2mBanco de Dados - Tabelas[2m > [22m[2mDeve ter todas as 33 tabelas criadas[22m[39m
Ô£à Tabela order_items: OK

[90mstdout[2m | tests/database/tables.test.ts[2m > [22m[2mBanco de Dados - Tabelas[2m > [22m[2mDeve ter todas as 33 tabelas criadas[22m[39m
Ô£à Tabela order_status_history: OK

[90mstdout[2m | tests/database/tables.test.ts[2m > [22m[2mBanco de Dados - Tabelas[2m > [22m[2mDeve ter todas as 33 tabelas criadas[22m[39m
Ô£à Tabela payments: OK

[90mstdout[2m | tests/database/tables.test.ts[2m > [22m[2mBanco de Dados - Tabelas[2m > [22m[2mDeve ter todas as 33 tabelas criadas[22m[39m
Ô£à Tabela shipping_addresses: OK

[90mstdout[2m | tests/database/tables.test.ts[2m > [22m[2mBanco de Dados - Tabelas[2m > [22m[2mDeve ter todas as 33 tabelas criadas[22m[39m
Ô£à Tabela asaas_transactions: OK

[90mstdout[2m | tests/database/tables.test.ts[2m > [22m[2mBanco de Dados - Tabelas[2m > [22m[2mDeve ter todas as 33 tabelas criadas[22m[39m
Ô£à Tabela asaas_splits: OK

[90mstdout[2m | tests/database/tables.test.ts[2m > [22m[2mBanco de Dados - Tabelas[2m > [22m[2mDeve ter todas as 33 tabelas criadas[22m[39m
Ô£à Tabela asaas_webhook_logs: OK

[90mstdout[2m | tests/database/tables.test.ts[2m > [22m[2mBanco de Dados - Tabelas[2m > [22m[2mDeve ter todas as 33 tabelas criadas[22m[39m
Ô£à Tabela affiliates: OK

[90mstdout[2m | tests/database/tables.test.ts[2m > [22m[2mBanco de Dados - Tabelas[2m > [22m[2mDeve ter todas as 33 tabelas criadas[22m[39m
Ô£à Tabela affiliate_network: OK

[90mstdout[2m | tests/database/tables.test.ts[2m > [22m[2mBanco de Dados - Tabelas[2m > [22m[2mDeve ter todas as 33 tabelas criadas[22m[39m
Ô£à Tabela referral_codes: OK

[90mstdout[2m | tests/database/tables.test.ts[2m > [22m[2mBanco de Dados - Tabelas[2m > [22m[2mDeve ter todas as 33 tabelas criadas[22m[39m
Ô£à Tabela referral_clicks: OK

[90mstdout[2m | tests/database/tables.test.ts[2m > [22m[2mBanco de Dados - Tabelas[2m > [22m[2mDeve ter todas as 33 tabelas criadas[22m[39m
Ô£à Tabela referral_conversions: OK

[90mstdout[2m | tests/database/tables.test.ts[2m > [22m[2mBanco de Dados - Tabelas[2m > [22m[2mDeve ter todas as 33 tabelas criadas[22m[39m
Ô£à Tabela commissions: OK

[90mstdout[2m | tests/database/tables.test.ts[2m > [22m[2mBanco de Dados - Tabelas[2m > [22m[2mDeve ter todas as 33 tabelas criadas[22m[39m
Ô£à Tabela commission_splits: OK

[90mstdout[2m | tests/database/tables.test.ts[2m > [22m[2mBanco de Dados - Tabelas[2m > [22m[2mDeve ter todas as 33 tabelas criadas[22m[39m
Ô£à Tabela commission_logs: OK

[90mstdout[2m | tests/database/tables.test.ts[2m > [22m[2mBanco de Dados - Tabelas[2m > [22m[2mDeve ter todas as 33 tabelas criadas[22m[39m
Ô£à Tabela asaas_wallets: OK

[90mstdout[2m | tests/database/tables.test.ts[2m > [22m[2mBanco de Dados - Tabelas[2m > [22m[2mDeve ter todas as 33 tabelas criadas[22m[39m
Ô£à Tabela notification_logs: OK

[90mstdout[2m | tests/database/tables.test.ts[2m > [22m[2mBanco de Dados - Tabelas[2m > [22m[2mDeve ter todas as 33 tabelas criadas[22m[39m
Ô£à Tabela customers: OK

[90mstdout[2m | tests/database/tables.test.ts[2m > [22m[2mBanco de Dados - Tabelas[2m > [22m[2mDeve ter todas as 33 tabelas criadas[22m[39m
ÔØî Tabela customer_tags: ERRO - 

[90mstdout[2m | tests/database/tables.test.ts[2m > [22m[2mBanco de Dados - Tabelas[2m > [22m[2mDeve ter todas as 33 tabelas criadas[22m[39m
Ô£à Tabela customer_tag_assignments: OK

[90mstdout[2m | tests/database/tables.test.ts[2m > [22m[2mBanco de Dados - Tabelas[2m > [22m[2mDeve ter todas as 33 tabelas criadas[22m[39m
Ô£à Tabela customer_timeline: OK

[90mstdout[2m | tests/database/tables.test.ts[2m > [22m[2mBanco de Dados - Tabelas[2m > [22m[2mDeve ter todas as 33 tabelas criadas[22m[39m
ÔØî Tabela conversations: ERRO - 

[90mstdout[2m | tests/database/tables.test.ts[2m > [22m[2mBanco de Dados - Tabelas[2m > [22m[2mDeve ter todas as 33 tabelas criadas[22m[39m
ÔØî Tabela messages: ERRO - 

[90mstdout[2m | tests/database/tables.test.ts[2m > [22m[2mBanco de Dados - Tabelas[2m > [22m[2mDeve ter todas as 33 tabelas criadas[22m[39m
Ô£à Tabela appointments: OK

­ƒôè Resumo: 30/33 tabelas encontradas

ÔØî Tabelas faltando (3):
   - customer_tags: 
   - conversations: 
   - messages: 

ÔÜá´©Å Status: 30/33 tabelas dispon├¡veis

 [32mÔ£ô[39m tests/database/tables.test.ts [2m ([22m[2m1 test[22m[2m)[22m[33m 5582[2mms[22m[39m
 [32mÔ£ô[39m tests/e2e/crm-scenarios.test.ts [2m ([22m[2m4 tests[22m[2m)[22m[90m 16[2mms[22m[39m
 [33mÔØ»[39m tests/unit/hooks.test.ts [2m ([22m[2m0 test[22m[2m)[22m
 [32mÔ£ô[39m tests/unit/services/withdrawal.service.test.ts [2m ([22m[2m7 tests[22m[2m)[22m[90m 20[2mms[22m[39m
 [32mÔ£ô[39m tests/unit/commission-calculator-refactored.test.ts [2m ([22m[2m4 tests[22m[2m)[22m[90m 13[2mms[22m[39m
[90mstdout[2m | tests/database/rls.test.ts[2m > [22m[2mBanco de Dados - RLS[2m > [22m[2mTabela profiles deve ter RLS ativo[22m[39m
RLS profiles: [33m1[39m registros vis├¡veis
Erro (esperado se RLS ativo): Nenhum erro

[90mstdout[2m | tests/database/rls.test.ts[2m > [22m[2mBanco de Dados - RLS[2m > [22m[2mTabela affiliates deve ter RLS ativo[22m[39m
RLS affiliates: [33m0[39m registros vis├¡veis
Erro (esperado se RLS ativo): Nenhum erro

[90mstdout[2m | tests/database/rls.test.ts[2m > [22m[2mBanco de Dados - RLS[2m > [22m[2mTabela orders deve ter RLS ativo[22m[39m
RLS orders: [33m0[39m registros vis├¡veis
Erro (esperado se RLS ativo): Nenhum erro

[90mstdout[2m | tests/database/rls.test.ts[2m > [22m[2mBanco de Dados - RLS[2m > [22m[2mTabela commissions deve ter RLS ativo[22m[39m
RLS commissions: [33m0[39m registros vis├¡veis
Erro (esperado se RLS ativo): Nenhum erro

 [32mÔ£ô[39m tests/database/rls.test.ts [2m ([22m[2m4 tests[22m[2m)[22m[33m 598[2mms[22m[39m
 [32mÔ£ô[39m tests/unit/services/admin-affiliate.service.test.ts [2m ([22m[2m5 tests[22m[2m)[22m[90m 75[2mms[22m[39m
[90mstdout[2m | tests/auth/login.test.ts[2m > [22m[2mAutentica├º├úo - Login[2m > [22m[2mDeve rejeitar login com credenciais inv├ílidas[22m[39m
Ô£à Login rejeitado conforme esperado: Invalid login credentials

 [33mÔØ»[39m tests/auth/login.test.ts [2m ([22m[2m2 tests[22m [2m|[22m [31m1 failed[39m[2m)[22m[33m 620[2mms[22m[39m
[31m   [33mÔØ»[31m tests/auth/login.test.ts[2m > [22mAutentica├º├úo - Login[2m > [22mDeve fazer login com credenciais v├ílidas[39m
[31m     ÔåÆ expected AuthApiError: Invalid login credentials { ÔÇª(3) } to be null[39m

[31mÔÄ»ÔÄ»ÔÄ»ÔÄ»ÔÄ»ÔÄ»[1m
[7m Failed Suites 11 [27m[
22mÔÄ»ÔÄ»ÔÄ»ÔÄ»ÔÄ»ÔÄ»[39m

[31m[1m[7m FAIL 
[27m[22m[39m tests/integr
ation/crm-integration.test.t
s[2m > [22mCRM 
Cross-System Integration 
Tests
[31m[1mTypeError[22m: 
IntegrationService is not a 
constructor[39m
[36m [2mÔØ»[22m tests/int
egration/crm-integration.tes
t.ts:[2m32:26[22m[39m
    [90m 30| [39m    
timelineService [33m=[39m 
[35mnew[39m [33mTimelineS
ervice[39m()[33m;[39m
    [90m 31| [39m    
tagService [33m=[39m 
[35mnew[39m [33mTagServic
e[39m()[33m;[39m
    [90m 32| [39m    
integrationService 
[33m=[39m [35mnew[39m [
33mIntegrationService[39m()
[33m;[39m
    [90m   | [39m         
                [31m^[39m
    [90m 33| [39m  
})[33m;[39m
    [90m 34| [39m

[31m[2mÔÄ»ÔÄ»ÔÄ»ÔÄ»ÔÄ»ÔÄ»Ô
Ä»ÔÄ»ÔÄ»ÔÄ»ÔÄ»ÔÄ»ÔÄ»ÔÄ»ÔÄ»ÔÄ
»ÔÄ»ÔÄ»ÔÄ»ÔÄ»ÔÄ»ÔÄ»ÔÄ»[1/65]
ÔÄ»[22m[39m

[31m[1m[7m FAIL 
[27m[22m[39m 
tests/unit/hooks.test.ts 
[2m[ 
tests/unit/hooks.test.ts 
][22m
[31m[1mError[22m: Failed 
to load url 
@testing-library/react 
(resolved id: 
@testing-library/react) in 
E:/PROJETOS SITE/repositorio
s/slim-quality/tests/unit/ho
oks.test.ts. Does the file 
exist?[39m
[90m [2mÔØ»[22m 
loadAndTransform ../../../PR
OJETOS%20SITE/repositorios/s
lim-quality/node_modules/vit
e/dist/node/chunks/dep-C6uTJ
dX2.js:[2m51968:17[22m[39
m

[31m[2mÔÄ»ÔÄ»ÔÄ»ÔÄ»ÔÄ»ÔÄ»Ô
Ä»ÔÄ»ÔÄ»ÔÄ»ÔÄ»ÔÄ»ÔÄ»ÔÄ»ÔÄ»ÔÄ
»ÔÄ»ÔÄ»ÔÄ»ÔÄ»ÔÄ»ÔÄ»ÔÄ»[2/65]
ÔÄ»[22m[39m

[31m[1m[7m FAIL 
[27m[22m[39m tests/integr
ation/api/appointment.api.te
st.ts [2m[ tests/integratio
n/api/appointment.api.test.t
s ][22m
[31m[1m[7m FAIL 
[27m[22m[39m tests/integr
ation/api/conversation.api.t
est.ts [2m[ tests/integrati
on/api/conversation.api.test
.ts ][22m
[31m[1m[7m FAIL 
[27m[22m[39m tests/integr
ation/api/customer.api.test.
ts [2m[ tests/integration/a
pi/customer.api.test.ts 
][22m
[31m[1m[7m FAIL 
[27m[22m[39m tests/integr
ation/api/reports.api.test.t
s [2m[ tests/integration/ap
i/reports.api.test.ts ][22m
[31m[1m[7m FAIL 
[27m[22m[39m tests/integr
ation/api/tag.api.test.ts 
[2m[ tests/integration/api/
tag.api.test.ts ][22m
[31m[1mError[22m: Failed 
to load url supertest 
(resolved id: supertest) in 
E:/PROJETOS SITE/repositorio
s/slim-quality/tests/integra
tion/api/appointment.api.tes
t.ts. Does the file 
exist?[39m
[90m [2mÔØ»[22m 
loadAndTransform ../../../PR
OJETOS%20SITE/repositorios/s
lim-quality/node_modules/vit
e/dist/node/chunks/dep-C6uTJ
dX2.js:[2m51968:17[22m[39
m

[31m[2mÔÄ»ÔÄ»ÔÄ»ÔÄ»ÔÄ»ÔÄ»Ô
Ä»ÔÄ»ÔÄ»ÔÄ»ÔÄ»ÔÄ»ÔÄ»ÔÄ»ÔÄ»ÔÄ
»ÔÄ»ÔÄ»ÔÄ»ÔÄ»ÔÄ»ÔÄ»ÔÄ»[3/65]
ÔÄ»[22m[39m

[31m[1m[7m FAIL 
[27m[22m[39m tests/unit/s
ervices/appointment.service.
test.ts [2m[ tests/unit/ser
vices/appointment.service.te
st.ts ][22m
[31m[1mError[22m: 
[vitest] There was an error 
when mocking a module. If 
you are using "vi.mock" 
factory, make sure there 
are no top level variables 
inside, since this call is 
hoisted to top of the file. 
Read more: https://vitest.de
v/api/vi.html#vi-mock[39m
[36m [2mÔØ»[22m src/servi
ces/crm/appointment.service.
ts:[2m1:1[22m[39m
    [90m  1| [39m[90m/**
    [90m   | 
[39m[31m^[39m
    [90m  2| [39m * 
Appointment Service
    [90m  3| [39m * 
Sprint 5: Sistema de CRM e 
Gest├úo de Clientes

[31m[1mCaused by: 
ReferenceError[22m: Cannot 
access 'mockSupabase' 
before initialization[39m
[36m [2mÔØ»[22m tests/uni
t/services/appointment.servi
ce.test.ts:[2m3:13[22m[39
m
[90m [2mÔØ»[22m src/servi
ces/crm/appointment.service.
ts:[2m1:1[22m[39m

[31m[2mÔÄ»ÔÄ»ÔÄ»ÔÄ»ÔÄ»ÔÄ»Ô
Ä»ÔÄ»ÔÄ»ÔÄ»ÔÄ»ÔÄ»ÔÄ»ÔÄ»ÔÄ»ÔÄ
»ÔÄ»ÔÄ»ÔÄ»ÔÄ»ÔÄ»ÔÄ»ÔÄ»[4/65]
ÔÄ»[22m[39m

[31m[1m[7m FAIL 
[27m[22m[39m tests/unit/s
ervices/conversation.service
.test.ts [2m[ tests/unit/se
rvices/conversation.service.
test.ts ][22m
[31m[1mError[22m: 
[vitest] There was an error 
when mocking a module. If 
you are using "vi.mock" 
factory, make sure there 
are no top level variables 
inside, since this call is 
hoisted to top of the file. 
Read more: https://vitest.de
v/api/vi.html#vi-mock[39m
[36m [2mÔØ»[22m src/servi
ces/crm/conversation.service
.ts:[2m1:1[22m[39m
    [90m  1| [39m[90m/**
    [90m   | 
[39m[31m^[39m
    [90m  2| [39m * 
Conversation Service
    [90m  3| [39m * 
Sprint 5: Sistema de CRM e 
Gest├úo de Clientes

[31m[1mCaused by: 
ReferenceError[22m: Cannot 
access 'mockSupabase' 
before initialization[39m
[36m [2mÔØ»[22m tests/uni
t/services/conversation.serv
ice.test.ts:[2m3:13[22m[3
9m
[90m [2mÔØ»[22m src/servi
ces/crm/conversation.service
.ts:[2m1:1[22m[39m

[31m[2mÔÄ»ÔÄ»ÔÄ»ÔÄ»ÔÄ»ÔÄ»Ô
Ä»ÔÄ»ÔÄ»ÔÄ»ÔÄ»ÔÄ»ÔÄ»ÔÄ»ÔÄ»ÔÄ
»ÔÄ»ÔÄ»ÔÄ»ÔÄ»ÔÄ»ÔÄ»ÔÄ»[5/65]
ÔÄ»[22m[39m

[31m[1m[7m FAIL 
[27m[22m[39m tests/unit/s
ervices/customer.service.tes
t.ts [2m[ tests/unit/servic
es/customer.service.test.ts 
][22m
[31m[1mError[22m: 
[vitest] There was an error 
when mocking a module. If 
you are using "vi.mock" 
factory, make sure there 
are no top level variables 
inside, since this call is 
hoisted to top of the file. 
Read more: https://vitest.de
v/api/vi.html#vi-mock[39m
[36m [2mÔØ»[22m src/servi
ces/crm/customer.service.ts:
[2m1:1[22m[39m
    [90m  1| [39m[90m/**
    [90m   | 
[39m[31m^[39m
    [90m  2| [39m * 
Customer Service
    [90m  3| [39m * 
Sprint 5: Sistema de CRM e 
Gest├úo de Clientes

[31m[1mCaused by: 
ReferenceError[22m: Cannot 
access 'mockSupabase' 
before initialization[39m
[36m [2mÔØ»[22m tests/uni
t/services/customer.service.
test.ts:[2m3:13[22m[39m
[90m [2mÔØ»[22m src/servi
ces/crm/customer.service.ts:
[2m1:1[22m[39m

[31m[2mÔÄ»ÔÄ»ÔÄ»ÔÄ»ÔÄ»ÔÄ»Ô
Ä»ÔÄ»ÔÄ»ÔÄ»ÔÄ»ÔÄ»ÔÄ»ÔÄ»ÔÄ»ÔÄ
»ÔÄ»ÔÄ»ÔÄ»ÔÄ»ÔÄ»ÔÄ»ÔÄ»[6/65]
ÔÄ»[22m[39m

[31m[1m[7m FAIL 
[27m[22m[39m tests/unit/s
ervices/timeline.service.tes
t.ts [2m[ tests/unit/servic
es/timeline.service.test.ts 
][22m
[31m[1mError[22m: 
[vitest] There was an error 
when mocking a module. If 
you are using "vi.mock" 
factory, make sure there 
are no top level variables 
inside, since this call is 
hoisted to top of the file. 
Read more: https://vitest.de
v/api/vi.html#vi-mock[39m
[36m [2mÔØ»[22m src/servi
ces/crm/timeline.service.ts:
[2m1:1[22m[39m
    [90m  1| [39m[90m/**
    [90m   | 
[39m[31m^[39m
    [90m  2| [39m * 
Timeline Service
    [90m  3| [39m * 
Sprint 5: Sistema de CRM e 
Gest├úo de Clientes

[31m[1mCaused by: 
ReferenceError[22m: Cannot 
access 'mockSupabase' 
before initialization[39m
[36m [2mÔØ»[22m tests/uni
t/services/timeline.service.
test.ts:[2m3:13[22m[39m
[90m [2mÔØ»[22m src/servi
ces/crm/timeline.service.ts:
[2m1:1[22m[39m

[31m[2mÔÄ»ÔÄ»ÔÄ»ÔÄ»ÔÄ»ÔÄ»Ô
Ä»ÔÄ»ÔÄ»ÔÄ»ÔÄ»ÔÄ»ÔÄ»ÔÄ»ÔÄ»ÔÄ
»ÔÄ»ÔÄ»ÔÄ»ÔÄ»ÔÄ»ÔÄ»ÔÄ»[7/65]
ÔÄ»[22m[39m

[31mÔÄ»ÔÄ»ÔÄ»ÔÄ»ÔÄ»ÔÄ»[1m
[7m Failed Tests 47 [27m[2
2mÔÄ»ÔÄ»ÔÄ»ÔÄ»ÔÄ»ÔÄ»ÔÄ»[39m

[31m[1m[7m FAIL 
[27m[22m[39m tests/auth/l
ogin.test.ts[2m > 
[22mAutentica├º├úo - 
Login[2m > [22mDeve fazer 
login com credenciais 
v├ílidas
[31m[1mAssertionError[22m
: expected AuthApiError: 
Invalid login credentials { 
ÔÇª(3) } to be null[39m
[36m [2mÔØ»[22m tests/aut
h/login.test.ts:[2m16:19[2
2m[39m
    [90m 14| [39m    
})[33m;[39m
    [90m 15| [39m    
    [90m 16| [39m    [34m
expect[39m(error)[33m.[39
m[34mtoBeNull[39m()[33m;
[39m
    [90m   | [39m         
         [31m^[39m
    [90m 17| [39m    [34m
expect[39m(data[33m.[39mu
ser)[33m.[39m[34mtoBeDefi
ned[39m()[33m;[39m
    [90m 18| [39m    [34m
expect[39m(data[33m.[39ms
ession)[33m.[39m[34mtoBeD
efined[39m()[33m;[39m

[31m[2mÔÄ»ÔÄ»ÔÄ»ÔÄ»ÔÄ»ÔÄ»Ô
Ä»ÔÄ»ÔÄ»ÔÄ»ÔÄ»ÔÄ»ÔÄ»ÔÄ»ÔÄ»ÔÄ
»ÔÄ»ÔÄ»ÔÄ»ÔÄ»ÔÄ»ÔÄ»ÔÄ»[8/65]
ÔÄ»[22m[39m

[31m[1m[7m FAIL 
[27m[22m[39m tests/integr
ation/affiliate-commission-f
low.test.ts[2m > 
[22mAffiliate Commission 
Flow Integration[2m > 
[22mFluxo Completo: Rede 
de 3 N├¡veis[2m > 
[22mdeve processar 
comiss├úo completa do 
cadastro ao pagamento
[31m[1m[7m FAIL 
[27m[22m[39m tests/integr
ation/affiliate-commission-f
low.test.ts[2m > 
[22mAffiliate Commission 
Flow Integration[2m > 
[22mFluxo com 
Redistribui├º├úo: Apenas 
N1[2m > [22mdeve aplicar 
redistribui├º├úo quando 
apenas N1 existe
[31m[1m[7m FAIL 
[27m[22m[39m tests/integr
ation/affiliate-commission-f
low.test.ts[2m > 
[22mAffiliate Commission 
Flow Integration[2m > 
[22mFluxo sem 
Afiliados[2m > [22mdeve 
processar pedido sem 
afiliados corretamente
[31m[1m[7m FAIL 
[27m[22m[39m tests/integr
ation/affiliate-commission-f
low.test.ts[2m > 
[22mAffiliate Commission 
Flow Integration[2m > 
[22mTratamento de 
Erros[2m > [22mdeve 
tratar erro de Wallet ID 
inv├ílida graciosamente
[31m[1m[7m FAIL 
[27m[22m[39m tests/integr
ation/affiliate-commission-f
low.test.ts[2m > 
[22mAffiliate Commission 
Flow Integration[2m > 
[22mTratamento de 
Erros[2m > [22mdeve 
tratar erro de c├│digo de 
refer├¬ncia inv├ílido
[31m[1m[7m FAIL 
[27m[22m[39m tests/integr
ation/affiliate-commission-f
low.test.ts[2m > 
[22mAffiliate Commission 
Flow Integration[2m > 
[22mTratamento de 
Erros[2m > [22mdeve 
tratar falha no c├ílculo de 
comiss├Áes
[31m[1m[7m FAIL 
[27m[22m[39m tests/integr
ation/affiliate-commission-f
low.test.ts[2m > 
[22mAffiliate Commission 
Flow Integration[2m > 
[22mPerformance e 
Concorr├¬ncia[2m > 
[22mdeve processar 
m├║ltiplos webhooks do 
mesmo pedido (idempot├¬ncia)
[31m[1mTypeError[22m: 
Cannot read properties of 
undefined (reading 
'delete')[39m
[36m [2mÔØ»[22m 
cleanupTestData tests/integr
ation/affiliate-commission-f
low.test.ts:[2m447:40[22m
[39m
    [90m445| 
[39m[35masync[39m 
[35mfunction[39m 
[34mcleanupTestData[39m() 
{
    [90m446| [39m  
[90m// Limpar dados de 
teste em ordem reversa de 
depend├¬ncia[39m
    [90m447| [39m  
[35mawait[39m supabase[33
m.[39m[35mfrom[39m([32m'
commission_logs'[39m)[33m.
[39m[35mdelete[39m()[33m
.[39m[34mlike[39m([32m'o
rder_id'[39m[33m,[39m 
[32m'te[39mÔÇª
    [90m   | [39m         
                            
  [31m^[39m
    [90m448| [39m  
[35mawait[39m supabase[33
m.[39m[35mfrom[39m([32m'
commission_splits'[39m)[33
m.[39m[35mdelete[39m()[3
3m.[39m[34mlike[39m([32m
'order_id'[39m[33m,[39m 
[32m'[39mÔÇª
    [90m449| [39m  
[35mawait[39m supabase[33
m.[39m[35mfrom[39m([32m'
commissions'[39m)[33m.[39
m[35mdelete[39m()[33m.[3
9m[34mlike[39m([32m'order
_id'[39m[33m,[39m 
[32m'test_%[39mÔÇª
[90m [2mÔØ»[22m tests/int
egration/affiliate-commissio
n-flow.test.ts:[2m36:11[22
m[39m

[31m[2mÔÄ»ÔÄ»ÔÄ»ÔÄ»ÔÄ»ÔÄ»Ô
Ä»ÔÄ»ÔÄ»ÔÄ»ÔÄ»ÔÄ»ÔÄ»ÔÄ»ÔÄ»ÔÄ
»ÔÄ»ÔÄ»ÔÄ»ÔÄ»ÔÄ»ÔÄ»ÔÄ»[9/65]
ÔÄ»[22m[39m

[31m[1m[7m FAIL 
[27m[22m[39m tests/integr
ation/affiliate-commission-f
low.test.ts[2m > 
[22mAffiliate Commission 
Flow Integration[2m > 
[22mFluxo Completo: Rede 
de 3 N├¡veis[2m > 
[22mdeve processar 
comiss├úo completa do 
cadastro ao pagamento
[31m[1m[7m FAIL 
[27m[22m[39m tests/integr
ation/affiliate-commission-f
low.test.ts[2m > 
[22mAffiliate Commission 
Flow Integration[2m > 
[22mFluxo com 
Redistribui├º├úo: Apenas 
N1[2m > [22mdeve aplicar 
redistribui├º├úo quando 
apenas N1 existe
[31m[1m[7m FAIL 
[27m[22m[39m tests/integr
ation/affiliate-commission-f
low.test.ts[2m > 
[22mAffiliate Commission 
Flow Integration[2m > 
[22mFluxo sem 
Afiliados[2m > [22mdeve 
processar pedido sem 
afiliados corretamente
[31m[1m[7m FAIL 
[27m[22m[39m tests/integr
ation/affiliate-commission-f
low.test.ts[2m > 
[22mAffiliate Commission 
Flow Integration[2m > 
[22mTratamento de 
Erros[2m > [22mdeve 
tratar erro de Wallet ID 
inv├ílida graciosamente
[31m[1m[7m FAIL 
[27m[22m[39m tests/integr
ation/affiliate-commission-f
low.test.ts[2m > 
[22mAffiliate Commission 
Flow Integration[2m > 
[22mTratamento de 
Erros[2m > [22mdeve 
tratar erro de c├│digo de 
refer├¬ncia inv├ílido
[31m[1m[7m FAIL 
[27m[22m[39m tests/integr
ation/affiliate-commission-f
low.test.ts[2m > 
[22mAffiliate Commission 
Flow Integration[2m > 
[22mTratamento de 
Erros[2m > [22mdeve 
tratar falha no c├ílculo de 
comiss├Áes
[31m[1m[7m FAIL 
[27m[22m[39m tests/integr
ation/affiliate-commission-f
low.test.ts[2m > 
[22mAffiliate Commission 
Flow Integration[2m > 
[22mPerformance e 
Concorr├¬ncia[2m > 
[22mdeve processar 
m├║ltiplos webhooks do 
mesmo pedido (idempot├¬ncia)
[31m[1mTypeError[22m: 
Cannot read properties of 
undefined (reading 
'delete')[39m
[36m [2mÔØ»[22m 
cleanupTestData tests/integr
ation/affiliate-commission-f
low.test.ts:[2m447:40[22m
[39m
    [90m445| 
[39m[35masync[39m 
[35mfunction[39m 
[34mcleanupTestData[39m() 
{
    [90m446| [39m  
[90m// Limpar dados de 
teste em ordem reversa de 
depend├¬ncia[39m
    [90m447| [39m  
[35mawait[39m supabase[33
m.[39m[35mfrom[39m([32m'
commission_logs'[39m)[33m.
[39m[35mdelete[39m()[33m
.[39m[34mlike[39m([32m'o
rder_id'[39m[33m,[39m 
[32m'te[39mÔÇª
    [90m   | [39m         
                            
  [31m^[39m
    [90m448| [39m  
[35mawait[39m supabase[33
m.[39m[35mfrom[39m([32m'
commission_splits'[39m)[33
m.[39m[35mdelete[39m()[3
3m.[39m[34mlike[39m([32m
'order_id'[39m[33m,[39m 
[32m'[39mÔÇª
    [90m449| [39m  
[35mawait[39m supabase[33
m.[39m[35mfrom[39m([32m'
commissions'[39m)[33m.[39
m[35mdelete[39m()[33m.[3
9m[34mlike[39m([32m'order
_id'[39m[33m,[39m 
[32m'test_%[39mÔÇª
[90m [2mÔØ»[22m tests/int
egration/affiliate-commissio
n-flow.test.ts:[2m43:11[22
m[39m

[31m[2mÔÄ»ÔÄ»ÔÄ»ÔÄ»ÔÄ»ÔÄ»Ô
Ä»ÔÄ»ÔÄ»ÔÄ»ÔÄ»ÔÄ»ÔÄ»ÔÄ»ÔÄ»ÔÄ
»ÔÄ»ÔÄ»ÔÄ»ÔÄ»ÔÄ»ÔÄ»[10/65]ÔÄ
»[22m[39m

[31m[1m[7m FAIL 
[27m[22m[39m tests/migrat
ions/crm-database-integrity.
test.ts[2m > [22mCRM 
Database Integrity[2m > 
[22mTabela customers[2m > 
[22mdeve existir com todas 
as colunas necess├írias
[31m[1mAssertionError[22m
: expected { ÔÇª(4) } to be 
null[39m
[36m [2mÔØ»[22m tests/mig
rations/crm-database-integri
ty.test.ts:[2m34:21[22m[3
9m
    [90m 32| [39m        
[33m.[39m[34morder[39m([
32m'ordinal_position'[39m)
[33m;[39m
    [90m 33| [39m
    [90m 34| [39m      [3
4mexpect[39m(error)[33m.[
39m[34mtoBeNull[39m()[33m
;[39m
    [90m   | [39m         
           [31m^[39m
    [90m 35| [39m      [3
4mexpect[39m(data)[33m.[3
9m[34mtoBeDefined[39m()[3
3m;[39m
    [90m 36| [39m

[31m[2mÔÄ»ÔÄ»ÔÄ»ÔÄ»ÔÄ»ÔÄ»Ô
Ä»ÔÄ»ÔÄ»ÔÄ»ÔÄ»ÔÄ»ÔÄ»ÔÄ»ÔÄ»ÔÄ
»ÔÄ»ÔÄ»ÔÄ»ÔÄ»ÔÄ»ÔÄ»[11/65]ÔÄ
»[22m[39m

[31m[1m[7m FAIL 
[27m[22m[39m tests/migrat
ions/crm-database-integrity.
test.ts[2m > [22mCRM 
Database Integrity[2m > 
[22mTabela customers[2m > 
[22mdeve ter constraints 
de valida├º├úo funcionando
[31m[1mAssertionError[22m
: expected 'TypeError: 
fetch failed' to contain 'cu
stomers_email_format'[39m

[32m- Expected[39m
[31m+ Received[39m

[32m- 
customers_email_format[39m
[31m+ TypeError: fetch 
failed[39m

[36m [2mÔØ»[22m tests/mig
rations/crm-database-integri
ty.test.ts:[2m63:35[22m[3
9m
    [90m 61| [39m
    [90m 62| [39m      [3
4mexpect[39m(emailError)[3
3m.[39m[34mtoBeDefined[39
m()[33m;[39m
    [90m 63| [39m      [3
4mexpect[39m(emailError[33
m?.[39mmessage)[33m.[39m
[34mtoContain[39m([32m'cus
tomers_email_format'[39m)[
33m;[39m
    [90m   | [39m         
                         
[31m^[39m
    [90m 64| [39m    
})[33m;[39m
    [90m 65| [39m

[31m[2mÔÄ»ÔÄ»ÔÄ»ÔÄ»ÔÄ»ÔÄ»Ô
Ä»ÔÄ»ÔÄ»ÔÄ»ÔÄ»ÔÄ»ÔÄ»ÔÄ»ÔÄ»ÔÄ
»ÔÄ»ÔÄ»ÔÄ»ÔÄ»ÔÄ»ÔÄ»[12/65]ÔÄ
»[22m[39m

[31m[1m[7m FAIL 
[27m[22m[39m tests/migrat
ions/crm-database-integrity.
test.ts[2m > [22mCRM 
Database Integrity[2m > 
[22mTabela customers[2m > 
[22mdeve ter ├¡ndices 
criados corretamente
[31m[1mAssertionError[22m
: expected { ÔÇª(4) } to be 
null[39m
[36m [2mÔØ»[22m tests/mig
rations/crm-database-integri
ty.test.ts:[2m72:21[22m[3
9m
    [90m 70| [39m        
[33m.[39m[34meq[39m([32m
'tablename'[39m[33m,[39m 
[32m'customers'[39m)[33m;
[39m
    [90m 71| [39m
    [90m 72| [39m      [3
4mexpect[39m(error)[33m.[
39m[34mtoBeNull[39m()[33m
;[39m
    [90m   | [39m         
           [31m^[39m
    [90m 73| [39m      
    [90m 74| [39m      
[35mconst[39m indexes 
[33m=[39m data[33m?.[39m
[34mmap[39m(idx 
[33m=>[39m 
idx[33m.[39mindexname) 
[33m||[39m [][33m;[39m

[31m[2mÔÄ»ÔÄ»ÔÄ»ÔÄ»ÔÄ»ÔÄ»Ô
Ä»ÔÄ»ÔÄ»ÔÄ»ÔÄ»ÔÄ»ÔÄ»ÔÄ»ÔÄ»ÔÄ
»ÔÄ»ÔÄ»ÔÄ»ÔÄ»ÔÄ»ÔÄ»[13/65]ÔÄ
»[22m[39m

[31m[1m[7m FAIL 
[27m[22m[39m tests/migrat
ions/crm-database-integrity.
test.ts[2m > [22mCRM 
Database Integrity[2m > 
[22mTabela customers[2m > 
[22mdeve ter RLS habilitado
[31m[1mAssertionError[22m
: expected { ÔÇª(4) } to be 
null[39m
[36m [2mÔØ»[22m tests/mig
rations/crm-database-integri
ty.test.ts:[2m86:21[22m[3
9m
    [90m 84| [39m        
[33m.[39m[34meq[39m([32m
'tablename'[39m[33m,[39m 
[32m'customers'[39m)[33m;
[39m
    [90m 85| [39m
    [90m 86| [39m      [3
4mexpect[39m(error)[33m.[
39m[34mtoBeNull[39m()[33m
;[39m
    [90m   | [39m         
           [31m^[39m
    [90m 87| [39m      [3
4mexpect[39m(data[33m?.[3
9m[[34m0[39m][33m?.[39mr
owsecurity)[33m.[39m[34mt
oBe[39m([35mtrue[39m)[33
m;[39m
    [90m 88| [39m    
})[33m;[39m

[31m[2mÔÄ»ÔÄ»ÔÄ»ÔÄ»ÔÄ»ÔÄ»Ô
Ä»ÔÄ»ÔÄ»ÔÄ»ÔÄ»ÔÄ»ÔÄ»ÔÄ»ÔÄ»ÔÄ
»ÔÄ»ÔÄ»ÔÄ»ÔÄ»ÔÄ»ÔÄ»[14/65]ÔÄ
»[22m[39m

[31m[1m[7m FAIL 
[27m[22m[39m tests/migrat
ions/crm-database-integrity.
test.ts[2m > [22mCRM 
Database Integrity[2m > 
[22mTabela 
customer_tags[2m > 
[22mdeve existir com 
estrutura correta
[31m[1mAssertionError[22m
: expected { ÔÇª(4) } to be 
null[39m
[36m [2mÔØ»[22m tests/mig
rations/crm-database-integri
ty.test.ts:[2m98:21[22m[3
9m
    [90m 96| [39m        
[33m.[39m[34meq[39m([32m
'table_name'[39m[33m,[39m
 [32m'customer_tags'[39m)
[33m;[39m
    [90m 97| [39m
    [90m 98| [39m      [3
4mexpect[39m(error)[33m.[
39m[34mtoBeNull[39m()[33m
;[39m
    [90m   | [39m         
           [31m^[39m
    [90m 99| [39m      
    [90m100| [39m      
[35mconst[39m columns 
[33m=[39m data[33m?.[39m
[34mmap[39m(col 
[33m=>[39m 
col[33m.[39mcolumn_name) 
[33m||[39m [][33m;[39m

[31m[2mÔÄ»ÔÄ»ÔÄ»ÔÄ»ÔÄ»ÔÄ»Ô
Ä»ÔÄ»ÔÄ»ÔÄ»ÔÄ»ÔÄ»ÔÄ»ÔÄ»ÔÄ»ÔÄ
»ÔÄ»ÔÄ»ÔÄ»ÔÄ»ÔÄ»ÔÄ»[15/65]ÔÄ
»[22m[39m

[31m[1m[7m FAIL 
[27m[22m[39m tests/migrat
ions/crm-database-integrity.
test.ts[2m > [22mCRM 
Database Integrity[2m > 
[22mTabela 
customer_tags[2m > 
[22mdeve ter tags padr├úo 
inseridas
[31m[1mAssertionError[22m
: expected { ÔÇª(4) } to be 
null[39m
[36m [2mÔØ»[22m tests/mig
rations/crm-database-integri
ty.test.ts:[2m114:21[22m[
39m
    [90m112| [39m        
[33m.[39m[34meq[39m([32m
'is_system'[39m[33m,[39m 
[35mtrue[39m)[33m;[39m
    [90m113| [39m
    [90m114| [39m      [3
4mexpect[39m(error)[33m.[
39m[34mtoBeNull[39m()[33m
;[39m
    [90m   | [39m         
           [31m^[39m
    [90m115| [39m      [3
4mexpect[39m(data)[33m.[3
9m[34mtoBeDefined[39m()[3
3m;[39m
    [90m116| [39m      [3
4mexpect[39m(data[33m![39
m[33m.[39mlength)[33m.[3
9m[34mtoBeGreaterThan[39m(
[34m0[39m)[33m;[39m

[31m[2mÔÄ»ÔÄ»ÔÄ»ÔÄ»ÔÄ»ÔÄ»Ô
Ä»ÔÄ»ÔÄ»ÔÄ»ÔÄ»ÔÄ»ÔÄ»ÔÄ»ÔÄ»ÔÄ
»ÔÄ»ÔÄ»ÔÄ»ÔÄ»ÔÄ»ÔÄ»[16/65]ÔÄ
»[22m[39m

[31m[1m[7m FAIL 
[27m[22m[39m tests/migrat
ions/crm-database-integrity.
test.ts[2m > [22mCRM 
Database Integrity[2m > 
[22mTabela 
customer_timeline[2m > 
[22mdeve existir com ENUM 
correto
[31m[1mAssertionError[22m
: expected { ÔÇª(4) } to be 
null[39m
[36m [2mÔØ»[22m tests/mig
rations/crm-database-integri
ty.test.ts:[2m133:21[22m[
39m
    [90m131| [39m        
[33m.[39m[34meq[39m([32m
'column_name'[39m[33m,[39
m [32m'event_type'[39m)[3
3m;[39m
    [90m132| [39m
    [90m133| [39m      [3
4mexpect[39m(error)[33m.[
39m[34mtoBeNull[39m()[33m
;[39m
    [90m   | [39m         
           [31m^[39m
    [90m134| [39m      [3
4mexpect[39m(data[33m?.[3
9m[[34m0[39m][33m?.[39md
ata_type)[33m.[39m[34mtoB
e[39m([32m'USER-DEFINED'[
39m)[33m;[39m
    [90m135| [39m    
})[33m;[39m

[31m[2mÔÄ»ÔÄ»ÔÄ»ÔÄ»ÔÄ»ÔÄ»Ô
Ä»ÔÄ»ÔÄ»ÔÄ»ÔÄ»ÔÄ»ÔÄ»ÔÄ»ÔÄ»ÔÄ
»ÔÄ»ÔÄ»ÔÄ»ÔÄ»ÔÄ»ÔÄ»[17/65]ÔÄ
»[22m[39m

[31m[1m[7m FAIL 
[27m[22m[39m tests/migrat
ions/crm-database-integrity.
test.ts[2m > [22mCRM 
Database Integrity[2m > 
[22mTabela 
customer_timeline[2m > 
[22mdeve ter fun├º├úo 
add_timeline_event 
dispon├¡vel
[31m[1mAssertionError[22m
: expected { ÔÇª(4) } to be 
null[39m
[36m [2mÔØ»[22m tests/mig
rations/crm-database-integri
ty.test.ts:[2m143:21[22m[
39m
    [90m141| [39m        
[33m.[39m[34meq[39m([32m
'routine_name'[39m[33m,[3
9m [32m'add_timeline_event'
[39m)[33m;[39m
    [90m142| [39m
    [90m143| [39m      [3
4mexpect[39m(error)[33m.[
39m[34mtoBeNull[39m()[33m
;[39m
    [90m   | [39m         
           [31m^[39m
    [90m144| [39m      [3
4mexpect[39m(data)[33m.[3
9m[34mtoBeDefined[39m()[3
3m;[39m
    [90m145| [39m      [3
4mexpect[39m(data[33m![39
m[33m.[39mlength)[33m.[3
9m[34mtoBe[39m([34m1[39m
)[33m;[39m

[31m[2mÔÄ»ÔÄ»ÔÄ»ÔÄ»ÔÄ»ÔÄ»Ô
Ä»ÔÄ»ÔÄ»ÔÄ»ÔÄ»ÔÄ»ÔÄ»ÔÄ»ÔÄ»ÔÄ
»ÔÄ»ÔÄ»ÔÄ»ÔÄ»ÔÄ»ÔÄ»[18/65]ÔÄ
»[22m[39m

[31m[1m[7m FAIL 
[27m[22m[39m tests/migrat
ions/crm-database-integrity.
test.ts[2m > [22mCRM 
Database Integrity[2m > 
[22mTabela 
conversations[2m > 
[22mdeve existir com ENUMs 
corretos
[31m[1mAssertionError[22m
: expected { ÔÇª(4) } to be 
null[39m
[36m [2mÔØ»[22m tests/mig
rations/crm-database-integri
ty.test.ts:[2m157:21[22m[
39m
    [90m155| [39m        
[33m.[39m[35min[39m([32m
'column_name'[39m[33m,[39
m [[32m'status'[39m[33m,
[39m [32m'channel'[39m])[
33m;[39m
    [90m156| [39m
    [90m157| [39m      [3
4mexpect[39m(error)[33m.[
39m[34mtoBeNull[39m()[33m
;[39m
    [90m   | [39m         
           [31m^[39m
    [90m158| [39m      [3
4mexpect[39m(data)[33m.[3
9m[34mtoBeDefined[39m()[3
3m;[39m
    [90m159| [39m      [3
4mexpect[39m(data[33m![39
m[33m.[39mlength)[33m.[3
9m[34mtoBe[39m([34m2[39m
)[33m;[39m

[31m[2mÔÄ»ÔÄ»ÔÄ»ÔÄ»ÔÄ»ÔÄ»Ô
Ä»ÔÄ»ÔÄ»ÔÄ»ÔÄ»ÔÄ»ÔÄ»ÔÄ»ÔÄ»ÔÄ
»ÔÄ»ÔÄ»ÔÄ»ÔÄ»ÔÄ»ÔÄ»[19/65]ÔÄ
»[22m[39m

[31m[1m[7m FAIL 
[27m[22m[39m tests/migrat
ions/crm-database-integrity.
test.ts[2m > [22mCRM 
Database Integrity[2m > 
[22mTabela 
conversations[2m > 
[22mdeve ter fun├º├úo creat
e_conversation_if_not_exists
[31m[1mAssertionError[22m
: expected { ÔÇª(4) } to be 
null[39m
[36m [2mÔØ»[22m tests/mig
rations/crm-database-integri
ty.test.ts:[2m172:21[22m[
39m
    [90m170| [39m        
[33m.[39m[34meq[39m([32m
'routine_name'[39m[33m,[3
9m [32m'create_conversation
_if_not_exists'[39m)[33m;
[39m
    [90m171| [39m
    [90m172| [39m      [3
4mexpect[39m(error)[33m.[
39m[34mtoBeNull[39m()[33m
;[39m
    [90m   | [39m         
           [31m^[39m
    [90m173| [39m      [3
4mexpect[39m(data[33m![39
m[33m.[39mlength)[33m.[3
9m[34mtoBe[39m([34m1[39m
)[33m;[39m
    [90m174| [39m    
})[33m;[39m

[31m[2mÔÄ»ÔÄ»ÔÄ»ÔÄ»ÔÄ»ÔÄ»Ô
Ä»ÔÄ»ÔÄ»ÔÄ»ÔÄ»ÔÄ»ÔÄ»ÔÄ»ÔÄ»ÔÄ
»ÔÄ»ÔÄ»ÔÄ»ÔÄ»ÔÄ»ÔÄ»[20/65]ÔÄ
»[22m[39m

[31m[1m[7m FAIL 
[27m[22m[39m tests/migrat
ions/crm-database-integrity.
test.ts[2m > [22mCRM 
Database Integrity[2m > 
[22mTabela 
appointments[2m > 
[22mdeve existir com 
constraints de valida├º├úo
[31m[1mAssertionError[22m
: expected { ÔÇª(4) } to be 
null[39m
[36m [2mÔØ»[22m tests/mig
rations/crm-database-integri
ty.test.ts:[2m185:21[22m[
39m
    [90m183| [39m        
[33m.[39m[34meq[39m([32m
'constraint_type'[39m[33m,
[39m [32m'CHECK'[39m)[33
m;[39m
    [90m184| [39m
    [90m185| [39m      [3
4mexpect[39m(error)[33m.[
39m[34mtoBeNull[39m()[33m
;[39m
    [90m   | [39m         
           [31m^[39m
    [90m186| [39m      [3
4mexpect[39m(data)[33m.[3
9m[34mtoBeDefined[39m()[3
3m;[39m
    [90m187| [39m      

[31m[2mÔÄ»ÔÄ»ÔÄ»ÔÄ»ÔÄ»ÔÄ»Ô
Ä»ÔÄ»ÔÄ»ÔÄ»ÔÄ»ÔÄ»ÔÄ»ÔÄ»ÔÄ»ÔÄ
»ÔÄ»ÔÄ»ÔÄ»ÔÄ»ÔÄ»ÔÄ»[21/65]ÔÄ
»[22m[39m

[31m[1m[7m FAIL 
[27m[22m[39m tests/migrat
ions/crm-database-integrity.
test.ts[2m > [22mCRM 
Database Integrity[2m > 
[22mTabela 
appointments[2m > 
[22mdeve ter fun├º├úo 
check_appointment_conflicts
[31m[1mAssertionError[22m
: expected { ÔÇª(4) } to be 
null[39m
[36m [2mÔØ»[22m tests/mig
rations/crm-database-integri
ty.test.ts:[2m199:21[22m[
39m
    [90m197| [39m        
[33m.[39m[34meq[39m([32m
'routine_name'[39m[33m,[3
9m [32m'check_appointment_c
onflicts'[39m)[33m;[39m
    [90m198| [39m
    [90m199| [39m      [3
4mexpect[39m(error)[33m.[
39m[34mtoBeNull[39m()[33m
;[39m
    [90m   | [39m         
           [31m^[39m
    [90m200| [39m      [3
4mexpect[39m(data[33m![39
m[33m.[39mlength)[33m.[3
9m[34mtoBe[39m([34m1[39m
)[33m;[39m
    [90m201| [39m    
})[33m;[39m

[31m[2mÔÄ»ÔÄ»ÔÄ»ÔÄ»ÔÄ»ÔÄ»Ô
Ä»ÔÄ»ÔÄ»ÔÄ»ÔÄ»ÔÄ»ÔÄ»ÔÄ»ÔÄ»ÔÄ
»ÔÄ»ÔÄ»ÔÄ»ÔÄ»ÔÄ»ÔÄ»[22/65]ÔÄ
»[22m[39m

[31m[1m[7m FAIL 
[27m[22m[39m tests/migrat
ions/crm-database-integrity.
test.ts[2m > [22mCRM 
Database Integrity[2m > 
[22mIntegridade 
Referencial[2m > [22mdeve 
ter foreign keys corretas
[31m[1mAssertionError[22m
: expected { ÔÇª(4) } to be 
null[39m
[36m [2mÔØ»[22m tests/mig
rations/crm-database-integri
ty.test.ts:[2m212:21[22m[
39m
    [90m210| [39m        
[33m.[39m[35min[39m([32m
'table_name'[39m[33m,[39m
 [[32m'customers'[39m[33m
,[39m [32m'customer_tag_as
signments'[39m[33m,[39m 
[32m'c[39mÔÇª
    [90m211| [39m
    [90m212| [39m      [3
4mexpect[39m(error)[33m.[
39m[34mtoBeNull[39m()[33m
;[39m
    [90m   | [39m         
           [31m^[39m
    [90m213| [39m      [3
4mexpect[39m(data)[33m.[3
9m[34mtoBeDefined[39m()[3
3m;[39m
    [90m214| [39m      [3
4mexpect[39m(data[33m![39
m[33m.[39mlength)[33m.[3
9m[34mtoBeGreaterThan[39m(
[34m5[39m)[33m;[39m 
[90m// Pelo menos 5 
foreign[39mÔÇª

[31m[2mÔÄ»ÔÄ»ÔÄ»ÔÄ»ÔÄ»ÔÄ»Ô
Ä»ÔÄ»ÔÄ»ÔÄ»ÔÄ»ÔÄ»ÔÄ»ÔÄ»ÔÄ»ÔÄ
»ÔÄ»ÔÄ»ÔÄ»ÔÄ»ÔÄ»ÔÄ»[23/65]ÔÄ
»[22m[39m

[31m[1m[7m FAIL 
[27m[22m[39m tests/migrat
ions/crm-database-integrity.
test.ts[2m > [22mCRM 
Database Integrity[2m > 
[22mIntegridade 
Referencial[2m > [22mdeve 
ter triggers funcionando
[31m[1mAssertionError[22m
: expected { ÔÇª(4) } to be 
null[39m
[36m [2mÔØ»[22m tests/mig
rations/crm-database-integri
ty.test.ts:[2m223:21[22m[
39m
    [90m221| [39m        
[33m.[39m[35min[39m([32m
'event_object_table'[39m[3
3m,[39m [[32m'customers'[
39m[33m,[39m [32m'custome
r_tag_assignme[39mÔÇª
    [90m222| [39m
    [90m223| [39m      [3
4mexpect[39m(error)[33m.[
39m[34mtoBeNull[39m()[33m
;[39m
    [90m   | [39m         
           [31m^[39m
    [90m224| [39m      [3
4mexpect[39m(data)[33m.[3
9m[34mtoBeDefined[39m()[3
3m;[39m
    [90m225| [39m      

[31m[2mÔÄ»ÔÄ»ÔÄ»ÔÄ»ÔÄ»ÔÄ»Ô
Ä»ÔÄ»ÔÄ»ÔÄ»ÔÄ»ÔÄ»ÔÄ»ÔÄ»ÔÄ»ÔÄ
»ÔÄ»ÔÄ»ÔÄ»ÔÄ»ÔÄ»ÔÄ»[24/65]ÔÄ
»[22m[39m

[31m[1m[7m FAIL 
[27m[22m[39m tests/migrat
ions/crm-database-integrity.
test.ts[2m > [22mCRM 
Database Integrity[2m > 
[22mFun├º├Áes 
Utilit├írias[2m > 
[22mdeve ter fun├º├úo 
validate_cpf_cnpj 
funcionando
[31m[1mAssertionError[22m
: expected { ÔÇª(4) } to be 
null[39m
[36m [2mÔØ»[22m tests/mig
rations/crm-database-integri
ty.test.ts:[2m238:26[22m[
39m
    [90m236| [39m        
[33m.[39m[34mrpc[39m([32
m'validate_cpf_cnpj'[39m[3
3m,[39m { doc[33m:[39m 
[32m'12345678901'[39m 
})[33m;[39m
    [90m237| [39m
    [90m238| [39m      [3
4mexpect[39m(errorValid)[3
3m.[39m[34mtoBeNull[39m()
[33m;[39m
    [90m   | [39m         
                [31m^[39m
    [90m239| [39m      [3
4mexpect[39m(validCpf)[33m
.[39m[34mtoBe[39m([35mtr
ue[39m)[33m;[39m
    [90m240| [39m

[31m[2mÔÄ»ÔÄ»ÔÄ»ÔÄ»ÔÄ»ÔÄ»Ô
Ä»ÔÄ»ÔÄ»ÔÄ»ÔÄ»ÔÄ»ÔÄ»ÔÄ»ÔÄ»ÔÄ
»ÔÄ»ÔÄ»ÔÄ»ÔÄ»ÔÄ»ÔÄ»[25/65]ÔÄ
»[22m[39m

[31m[1m[7m FAIL 
[27m[22m[39m tests/migrat
ions/crm-database-integrity.
test.ts[2m > [22mCRM 
Database Integrity[2m > 
[22mFun├º├Áes 
Utilit├írias[2m > 
[22mdeve ter fun├º├úo 
apply_automatic_tags 
funcionando
[31m[1mAssertionError[22m
: expected { ÔÇª(4) } to be 
null[39m
[36m [2mÔØ»[22m tests/mig
rations/crm-database-integri
ty.test.ts:[2m255:21[22m[
39m
    [90m253| [39m        
[33m.[39m[34meq[39m([32m
'routine_name'[39m[33m,[3
9m [32m'apply_automatic_tag
s'[39m)[33m;[39m
    [90m254| [39m
    [90m255| [39m      [3
4mexpect[39m(error)[33m.[
39m[34mtoBeNull[39m()[33m
;[39m
    [90m   | [39m         
           [31m^[39m
    [90m256| [39m      [3
4mexpect[39m(data[33m![39
m[33m.[39mlength)[33m.[3
9m[34mtoBe[39m([34m1[39m
)[33m;[39m
    [90m257| [39m    
})[33m;[39m

[31m[2mÔÄ»ÔÄ»ÔÄ»ÔÄ»ÔÄ»ÔÄ»Ô
Ä»ÔÄ»ÔÄ»ÔÄ»ÔÄ»ÔÄ»ÔÄ»ÔÄ»ÔÄ»ÔÄ
»ÔÄ»ÔÄ»ÔÄ»ÔÄ»ÔÄ»ÔÄ»[26/65]ÔÄ
»[22m[39m

[31m[1m[7m FAIL 
[27m[22m[39m tests/migrat
ions/crm-database-integrity.
test.ts[2m > [22mCRM 
Database Integrity[2m > 
[22mPerformance e 
├ìndices[2m > [22mdeve 
ter ├¡ndices GIN para busca 
full-text
[31m[1mAssertionError[22m
: expected { ÔÇª(4) } to be 
null[39m
[36m [2mÔØ»[22m tests/mig
rations/crm-database-integri
ty.test.ts:[2m268:21[22m[
39m
    [90m266| [39m        
[33m.[39m[34meq[39m([32m
'tablename'[39m[33m,[39m 
[32m'customers'[39m)[33m;
[39m
    [90m267| [39m
    [90m268| [39m      [3
4mexpect[39m(error)[33m.[
39m[34mtoBeNull[39m()[33m
;[39m
    [90m   | [39m         
           [31m^[39m
    [90m269| [39m      [3
4mexpect[39m(data)[33m.[3
9m[34mtoBeDefined[39m()[3
3m;[39m
    [90m270| [39m      [3
4mexpect[39m(data[33m![39
m[33m.[39mlength)[33m.[3
9m[34mtoBeGreaterThan[39m(
[34m0[39m)[33m;[39m

[31m[2mÔÄ»ÔÄ»ÔÄ»ÔÄ»ÔÄ»ÔÄ»Ô
Ä»ÔÄ»ÔÄ»ÔÄ»ÔÄ»ÔÄ»ÔÄ»ÔÄ»ÔÄ»ÔÄ
»ÔÄ»ÔÄ»ÔÄ»ÔÄ»ÔÄ»ÔÄ»[27/65]ÔÄ
»[22m[39m

[31m[1m[7m FAIL 
[27m[22m[39m tests/migrat
ions/crm-database-integrity.
test.ts[2m > [22mCRM 
Database Integrity[2m > 
[22mPerformance e 
├ìndices[2m > [22mdeve 
ter ├¡ndices compostos para 
consultas frequentes
[31m[1mAssertionError[22m
: expected { ÔÇª(4) } to be 
null[39m
[36m [2mÔØ»[22m tests/mig
rations/crm-database-integri
ty.test.ts:[2m279:21[22m[
39m
    [90m277| [39m        
[33m.[39m[34meq[39m([32m
'tablename'[39m[33m,[39m 
[32m'conversations'[39m)[
33m;[39m
    [90m278| [39m
    [90m279| [39m      [3
4mexpect[39m(error)[33m.[
39m[34mtoBeNull[39m()[33m
;[39m
    [90m   | [39m         
           [31m^[39m
    [90m280| [39m      
    [90m281| [39m      
[35mconst[39m indexes 
[33m=[39m data[33m?.[39m
[34mmap[39m(idx 
[33m=>[39m 
idx[33m.[39mindexname) 
[33m||[39m [][33m;[39m

[31m[2mÔÄ»ÔÄ»ÔÄ»ÔÄ»ÔÄ»ÔÄ»Ô
Ä»ÔÄ»ÔÄ»ÔÄ»ÔÄ»ÔÄ»ÔÄ»ÔÄ»ÔÄ»ÔÄ
»ÔÄ»ÔÄ»ÔÄ»ÔÄ»ÔÄ»ÔÄ»[28/65]ÔÄ
»[22m[39m

[31m[1m[7m FAIL 
[27m[22m[39m tests/unit/c
ommission-calculator.test.ts
[2m > [22mCommissionCalcul
atorService - 
Refatorado[2m > 
[22mcalculateCommissions - 
Orquestra├º├úo[2m > 
[22mdeve validar entrada e 
executar fun├º├úo SQL com 
sucesso
[31m[1mAssertionError[22m
: expected false to be true 
// Object.is equality[39m

[32m- Expected[39m
[31m+ Received[39m

[32m- true[39m
[31m+ false[39m

[36m [2mÔØ»[22m tests/uni
t/commission-calculator.test
.ts:[2m122:30[22m[39m
    [90m120| [39m      
[35mconst[39m result 
[33m=[39m [35mawait[39m 
calculator[33m.[39m[34mca
lculateCommissions[39m(base
Input)[33m;[39m
    [90m121| [39m
    [90m122| [39m      [3
4mexpect[39m(result[33m.[
39msuccess)[33m.[39m[34mt
oBe[39m([35mtrue[39m)[33
m;[39m
    [90m   | [39m         
                    
[31m^[39m
    [90m123| [39m      [3
4mexpect[39m(result[33m.[
39mdata)[33m.[39m[34mtoBe
Defined[39m()[33m;[39m
    [90m124| [39m

[31m[2mÔÄ»ÔÄ»ÔÄ»ÔÄ»ÔÄ»ÔÄ»Ô
Ä»ÔÄ»ÔÄ»ÔÄ»ÔÄ»ÔÄ»ÔÄ»ÔÄ»ÔÄ»ÔÄ
»ÔÄ»ÔÄ»ÔÄ»ÔÄ»ÔÄ»ÔÄ»[29/65]ÔÄ
»[22m[39m

[31m[1m[7m FAIL 
[27m[22m[39m tests/unit/c
ommission-calculator.test.ts
[2m > [22mCommissionCalcul
atorService - 
Refatorado[2m > 
[22mcalculateCommissions - 
Orquestra├º├úo[2m > 
[22mdeve tratar erro 
quando pedido n├úo existe
[31m[1mAssertionError[22m
: expected 'Erro ao validar 
entrada' to be 'Pedido n├úo 
encontrado' // Object.is 
equality[39m

[32m- Expected[39m
[31m+ Received[39m

[32m- Pedido n├úo 
encontrado[39m
[31m+ Erro ao validar 
entrada[39m

[36m [2mÔØ»[22m tests/uni
t/commission-calculator.test
.ts:[2m156:28[22m[39m
    [90m154| [39m
    [90m155| [39m      [3
4mexpect[39m(result[33m.[
39msuccess)[33m.[39m[34mt
oBe[39m([35mfalse[39m)[3
3m;[39m
    [90m156| [39m      [3
4mexpect[39m(result[33m.[
39merror)[33m.[39m[34mtoB
e[39m([32m'Pedido n├úo 
encontrado'[39m)[33m;[39m
    [90m   | [39m         
                  
[31m^[39m
    [90m157| [39m      [3
4mexpect[39m(result[33m.[
39mcode)[33m.[39m[34mtoBe
[39m([32m'ORDER_NOT_FOUND'
[39m)[33m;[39m
    [90m158| [39m    
})[33m;[39m

[31m[2mÔÄ»ÔÄ»ÔÄ»ÔÄ»ÔÄ»ÔÄ»Ô
Ä»ÔÄ»ÔÄ»ÔÄ»ÔÄ»ÔÄ»ÔÄ»ÔÄ»ÔÄ»ÔÄ
»ÔÄ»ÔÄ»ÔÄ»ÔÄ»ÔÄ»ÔÄ»[30/65]ÔÄ
»[22m[39m

[31m[1m[7m FAIL 
[27m[22m[39m tests/unit/c
ommission-calculator.test.ts
[2m > [22mCommissionCalcul
atorService - 
Refatorado[2m > 
[22mcalculateCommissions - 
Orquestra├º├úo[2m > 
[22mdeve tratar erro na 
fun├º├úo SQL
[31m[1mAssertionError[22m
: expected 'Pedido n├úo 
encontrado' to be 'Erro ao 
calcular comiss├Áes no 
banco' // Object.is 
equality[39m

[32m- Expected[39m
[31m+ Received[39m

[32m- Erro ao calcular 
comiss├Áes no banco[39m
[31m+ Pedido n├úo 
encontrado[39m

[36m [2mÔØ»[22m tests/uni
t/commission-calculator.test
.ts:[2m191:28[22m[39m
    [90m189| [39m
    [90m190| [39m      [3
4mexpect[39m(result[33m.[
39msuccess)[33m.[39m[34mt
oBe[39m([35mfalse[39m)[3
3m;[39m
    [90m191| [39m      [3
4mexpect[39m(result[33m.[
39merror)[33m.[39m[34mtoB
e[39m([32m'Erro ao 
calcular comiss├Áes no 
banco'[39m)[33m;[39m
    [90m   | [39m         
                  
[31m^[39m
    [90m192| [39m      [3
4mexpect[39m(result[33m.[
39mcode)[33m.[39m[34mtoBe
[39m([32m'SQL_CALCULATION_
ERROR'[39m)[33m;[39m
    [90m193| [39m    
})[33m;[39m

[31m[2mÔÄ»ÔÄ»ÔÄ»ÔÄ»ÔÄ»ÔÄ»Ô
Ä»ÔÄ»ÔÄ»ÔÄ»ÔÄ»ÔÄ»ÔÄ»ÔÄ»ÔÄ»ÔÄ
»ÔÄ»ÔÄ»ÔÄ»ÔÄ»ÔÄ»ÔÄ»[31/65]ÔÄ
»[22m[39m

[31m[1m[7m FAIL 
[27m[22m[39m tests/unit/c
ommission-calculator.test.ts
[2m > [22mCommissionCalcul
atorService - 
Refatorado[2m > 
[22mcalculateCommissions - 
Orquestra├º├úo[2m > 
[22mdeve converter 
resultado corretamente
[31m[1mAssertionError[22m
: expected false to be true 
// Object.is equality[39m

[32m- Expected[39m
[31m+ Received[39m

[32m- true[39m
[31m+ false[39m

[36m [2mÔØ»[22m tests/uni
t/commission-calculator.test
.ts:[2m253:30[22m[39m
    [90m251| [39m      
[35mconst[39m result 
[33m=[39m [35mawait[39m 
calculator[33m.[39m[34mca
lculateCommissions[39m(base
Input)[33m;[39m
    [90m252| [39m
    [90m253| [39m      [3
4mexpect[39m(result[33m.[
39msuccess)[33m.[39m[34mt
oBe[39m([35mtrue[39m)[33
m;[39m
    [90m   | [39m         
                    
[31m^[39m
    [90m254| [39m      
[35mconst[39m calculation 
[33m=[39m result[33m.[39
mdata[33m![39m[33m;[39m
    [90m255| [39m

[31m[2mÔÄ»ÔÄ»ÔÄ»ÔÄ»ÔÄ»ÔÄ»Ô
Ä»ÔÄ»ÔÄ»ÔÄ»ÔÄ»ÔÄ»ÔÄ»ÔÄ»ÔÄ»ÔÄ
»ÔÄ»ÔÄ»ÔÄ»ÔÄ»ÔÄ»ÔÄ»[32/65]ÔÄ
»[22m[39m

[31m[1m[7m FAIL 
[27m[22m[39m tests/unit/c
ommission-calculator.test.ts
[2m > [22mCommissionCalcul
atorService - 
Refatorado[2m > 
[22msaveCalculationResult 
- Deprecated[2m > 
[22mdeve retornar split 
existente
[31m[1mTypeError[22m: sup
abase.from(...).select(...).
eq(...).single is not a 
function[39m
[36m [2mÔØ»[22m Commissio
nCalculatorService.saveCalcu
lationResult src/services/af
filiates/commission-calculat
or.service.ts:[2m271:8[22m
[39m
    [90m269| [39m      [3
3m.[39m[34mselect[39m([3
2m'id'[39m)
    [90m270| [39m      [3
3m.[39m[34meq[39m([32m'o
rder_id'[39m[33m,[39m 
result[33m.[39morderId)
    [90m271| [39m      [3
3m.[39m[34msingle[39m()[
33m;[39m
    [90m   | [39m       
[31m^[39m
    [90m272| [39m
    [90m273| [39m    
[35mif[39m (split) {
[90m [2mÔØ»[22m tests/uni
t/commission-calculator.test
.ts:[2m286:39[22m[39m

[31m[2mÔÄ»ÔÄ»ÔÄ»ÔÄ»ÔÄ»ÔÄ»Ô
Ä»ÔÄ»ÔÄ»ÔÄ»ÔÄ»ÔÄ»ÔÄ»ÔÄ»ÔÄ»ÔÄ
»ÔÄ»ÔÄ»ÔÄ»ÔÄ»ÔÄ»ÔÄ»[33/65]ÔÄ
»[22m[39m

[31m[1m[7m FAIL 
[27m[22m[39m tests/unit/s
ervices/affiliate.service.te
st.ts[2m > 
[22mAffiliateService - 
Cadastro de Afiliados[2m > 
[22mcreateAffiliate - 
Cadastro B├ísico[2m > 
[22mshould create 
affiliate successfully with 
valid data
[31m[1mAssertionError[22m
: expected false to be true 
// Object.is equality[39m

[32m- Expected[39m
[31m+ Received[39m

[32m- true[39m
[31m+ false[39m

[36m [2mÔØ»[22m tests/uni
t/services/affiliate.service
.test.ts:[2m285:30[22m[39
m
    [90m283| [39m      
})[33m;[39m
    [90m284| [39m
    [90m285| [39m      [3
4mexpect[39m(result[33m.[
39msuccess)[33m.[39m[34mt
oBe[39m([35mtrue[39m)[33
m;[39m
    [90m   | [39m         
                    
[31m^[39m
    [90m286| [39m      [3
4mexpect[39m(result[33m.[
39mdata)[33m.[39m[34mtoBe
Defined[39m()[33m;[39m
    [90m287| [39m      [3
4mexpect[39m(result[33m.[
39mdata[33m?.[39mname)[33
m.[39m[34mtoBe[39m([32m'
Jo├úo 
Silva'[39m)[33m;[39m

[31m[2mÔÄ»ÔÄ»ÔÄ»ÔÄ»ÔÄ»ÔÄ»Ô
Ä»ÔÄ»ÔÄ»ÔÄ»ÔÄ»ÔÄ»ÔÄ»ÔÄ»ÔÄ»ÔÄ
»ÔÄ»ÔÄ»ÔÄ»ÔÄ»ÔÄ»ÔÄ»[34/65]ÔÄ
»[22m[39m

[31m[1m[7m FAIL 
[27m[22m[39m tests/unit/s
ervices/affiliate.service.te
st.ts[2m > 
[22mAffiliateService - 
Cadastro de Afiliados[2m > 
[22mcreateAffiliate - 
Cadastro B├ísico[2m > 
[22mshould create 
affiliate with referral code
[31m[1mAssertionError[22m
: expected false to be true 
// Object.is equality[39m

[32m- Expected[39m
[31m+ Received[39m

[32m- true[39m
[31m+ false[39m

[36m [2mÔØ»[22m tests/uni
t/services/affiliate.service
.test.ts:[2m314:30[22m[39
m
    [90m312| [39m      
})[33m;[39m
    [90m313| [39m
    [90m314| [39m      [3
4mexpect[39m(result[33m.[
39msuccess)[33m.[39m[34mt
oBe[39m([35mtrue[39m)[33
m;[39m
    [90m   | [39m         
                    
[31m^[39m
    [90m315| [39m      [3
4mexpect[39m(result[33m.[
39mdata)[33m.[39m[34mtoBe
Defined[39m()[33m;[39m
    [90m316| [39m

[31m[2mÔÄ»ÔÄ»ÔÄ»ÔÄ»ÔÄ»ÔÄ»Ô
Ä»ÔÄ»ÔÄ»ÔÄ»ÔÄ»ÔÄ»ÔÄ»ÔÄ»ÔÄ»ÔÄ
»ÔÄ»ÔÄ»ÔÄ»ÔÄ»ÔÄ»ÔÄ»[35/65]ÔÄ
»[22m[39m

[31m[1m[7m FAIL 
[27m[22m[39m tests/unit/s
ervices/affiliate.service.te
st.ts[2m > 
[22mAffiliateService - 
Cadastro de Afiliados[2m > 
[22mcreateAffiliate - 
Cadastro B├ísico[2m > 
[22mshould reject invalid 
wallet ID
[31m[1mAssertionError[22m
: expected 'UNKNOWN_ERROR' 
to be 'INVALID_WALLET_ID' 
// Object.is equality[39m

[32m- Expected[39m
[31m+ Received[39m

[32m- 
INVALID_WALLET_ID[39m
[31m+ UNKNOWN_ERROR[39m

[36m [2mÔØ»[22m tests/uni
t/services/affiliate.service
.test.ts:[2m332:27[22m[39
m
    [90m330| [39m
    [90m331| [39m      [3
4mexpect[39m(result[33m.[
39msuccess)[33m.[39m[34mt
oBe[39m([35mfalse[39m)[3
3m;[39m
    [90m332| [39m      [3
4mexpect[39m(result[33m.[
39mcode)[33m.[39m[34mtoBe
[39m([32m'INVALID_WALLET_I
D'[39m)[33m;[39m
    [90m   | [39m         
                 [31m^[39m
    [90m333| [39m    
})[33m;[39m
    [90m334| [39m

[31m[2mÔÄ»ÔÄ»ÔÄ»ÔÄ»ÔÄ»ÔÄ»Ô
Ä»ÔÄ»ÔÄ»ÔÄ»ÔÄ»ÔÄ»ÔÄ»ÔÄ»ÔÄ»ÔÄ
»ÔÄ»ÔÄ»ÔÄ»ÔÄ»ÔÄ»ÔÄ»[36/65]ÔÄ
»[22m[39m

[31m[1m[7m FAIL 
[27m[22m[39m tests/unit/s
ervices/affiliate.service.te
st.ts[2m > 
[22mAffiliateService - 
Cadastro de Afiliados[2m > 
[22mcreateAffiliate - 
Cadastro B├ísico[2m > 
[22mshould reject inactive 
wallet
[31m[1mAssertionError[22m
: expected 'UNKNOWN_ERROR' 
to be 'INACTIVE_WALLET_ID' 
// Object.is equality[39m

[32m- Expected[39m
[31m+ Received[39m

[32m- 
INACTIVE_WALLET_ID[39m
[31m+ UNKNOWN_ERROR[39m

[36m [2mÔØ»[22m tests/uni
t/services/affiliate.service
.test.ts:[2m349:27[22m[39
m
    [90m347| [39m
    [90m348| [39m      [3
4mexpect[39m(result[33m.[
39msuccess)[33m.[39m[34mt
oBe[39m([35mfalse[39m)[3
3m;[39m
    [90m349| [39m      [3
4mexpect[39m(result[33m.[
39mcode)[33m.[39m[34mtoBe
[39m([32m'INACTIVE_WALLET_
ID'[39m)[33m;[39m
    [90m   | [39m         
                 [31m^[39m
    [90m350| [39m    
})[33m;[39m
    [90m351| [39m

[31m[2mÔÄ»ÔÄ»ÔÄ»ÔÄ»ÔÄ»ÔÄ»Ô
Ä»ÔÄ»ÔÄ»ÔÄ»ÔÄ»ÔÄ»ÔÄ»ÔÄ»ÔÄ»ÔÄ
»ÔÄ»ÔÄ»ÔÄ»ÔÄ»ÔÄ»ÔÄ»[37/65]ÔÄ
»[22m[39m

[31m[1m[7m FAIL 
[27m[22m[39m tests/unit/s
ervices/affiliate.service.te
st.ts[2m > 
[22mAffiliateService - 
Cadastro de Afiliados[2m > 
[22mcreateAffiliate - 
Cadastro B├ísico[2m > 
[22mshould reject 
duplicate email
[31m[1mAssertionError[22m
: expected 'UNKNOWN_ERROR' 
to be 
'EMAIL_ALREADY_EXISTS' // 
Object.is equality[39m

[32m- Expected[39m
[31m+ Received[39m

[32m- 
EMAIL_ALREADY_EXISTS[39m
[31m+ UNKNOWN_ERROR[39m

[36m [2mÔØ»[22m tests/uni
t/services/affiliate.service
.test.ts:[2m369:27[22m[39
m
    [90m367| [39m
    [90m368| [39m      [3
4mexpect[39m(result[33m.[
39msuccess)[33m.[39m[34mt
oBe[39m([35mfalse[39m)[3
3m;[39m
    [90m369| [39m      [3
4mexpect[39m(result[33m.[
39mcode)[33m.[39m[34mtoBe
[39m([32m'EMAIL_ALREADY_EX
ISTS'[39m)[33m;[39m
    [90m   | [39m         
                 [31m^[39m
    [90m370| [39m    
})[33m;[39m
    [90m371| [39m

[31m[2mÔÄ»ÔÄ»ÔÄ»ÔÄ»ÔÄ»ÔÄ»Ô
Ä»ÔÄ»ÔÄ»ÔÄ»ÔÄ»ÔÄ»ÔÄ»ÔÄ»ÔÄ»ÔÄ
»ÔÄ»ÔÄ»ÔÄ»ÔÄ»ÔÄ»ÔÄ»[38/65]ÔÄ
»[22m[39m

[31m[1m[7m FAIL 
[27m[22m[39m tests/unit/s
ervices/affiliate.service.te
st.ts[2m > 
[22mAffiliateService - 
Cadastro de Afiliados[2m > 
[22mcreateAffiliate - 
Cadastro B├ísico[2m > 
[22mshould reject 
duplicate wallet ID
[31m[1mAssertionError[22m
: expected 'UNKNOWN_ERROR' 
to be 
'WALLET_ID_ALREADY_EXISTS' 
// Object.is equality[39m

[32m- Expected[39m
[31m+ Received[39m

[32m- WALLET_ID_ALREADY_EXI
STS[39m
[31m+ UNKNOWN_ERROR[39m

[36m [2mÔØ»[22m tests/uni
t/services/affiliate.service
.test.ts:[2m390:27[22m[39
m
    [90m388| [39m
    [90m389| [39m      [3
4mexpect[39m(result[33m.[
39msuccess)[33m.[39m[34mt
oBe[39m([35mfalse[39m)[3
3m;[39m
    [90m390| [39m      [3
4mexpect[39m(result[33m.[
39mcode)[33m.[39m[34mtoBe
[39m([32m'WALLET_ID_ALREAD
Y_EXISTS'[39m)[33m;[39m
    [90m   | [39m         
                 [31m^[39m
    [90m391| [39m    
})[33m;[39m
    [90m392| [39m

[31m[2mÔÄ»ÔÄ»ÔÄ»ÔÄ»ÔÄ»ÔÄ»Ô
Ä»ÔÄ»ÔÄ»ÔÄ»ÔÄ»ÔÄ»ÔÄ»ÔÄ»ÔÄ»ÔÄ
»ÔÄ»ÔÄ»ÔÄ»ÔÄ»ÔÄ»ÔÄ»[39/65]ÔÄ
»[22m[39m

[31m[1m[7m FAIL 
[27m[22m[39m tests/unit/s
ervices/affiliate.service.te
st.ts[2m > 
[22mAffiliateService - 
Cadastro de Afiliados[2m > 
[22mcreateAffiliate - 
Cadastro B├ísico[2m > 
[22mshould reject invalid 
referral code
[31m[1mAssertionError[22m
: expected 'UNKNOWN_ERROR' 
to be 
'INVALID_REFERRAL_CODE' // 
Object.is equality[39m

[32m- Expected[39m
[31m+ Received[39m

[32m- 
INVALID_REFERRAL_CODE[39m
[31m+ UNKNOWN_ERROR[39m

[36m [2mÔØ»[22m tests/uni
t/services/affiliate.service
.test.ts:[2m404:27[22m[39
m
    [90m402| [39m
    [90m403| [39m      [3
4mexpect[39m(result[33m.[
39msuccess)[33m.[39m[34mt
oBe[39m([35mfalse[39m)[3
3m;[39m
    [90m404| [39m      [3
4mexpect[39m(result[33m.[
39mcode)[33m.[39m[34mtoBe
[39m([32m'INVALID_REFERRAL
_CODE'[39m)[33m;[39m
    [90m   | [39m         
                 [31m^[39m
    [90m405| [39m    
})[33m;[39m
    [90m406| [39m

[31m[2mÔÄ»ÔÄ»ÔÄ»ÔÄ»ÔÄ»ÔÄ»Ô
Ä»ÔÄ»ÔÄ»ÔÄ»ÔÄ»ÔÄ»ÔÄ»ÔÄ»ÔÄ»ÔÄ
»ÔÄ»ÔÄ»ÔÄ»ÔÄ»ÔÄ»ÔÄ»[40/65]ÔÄ
»[22m[39m

[31m[1m[7m FAIL 
[27m[22m[39m tests/unit/s
ervices/affiliate.service.te
st.ts[2m > 
[22mAffiliateService - 
Cadastro de Afiliados[2m > 
[22mcreateAffiliate - 
Cadastro B├ísico[2m > 
[22mshould reject inactive 
referrer
[31m[1mAssertionError[22m
: expected 'UNKNOWN_ERROR' 
to be 'INACTIVE_REFERRER' 
// Object.is equality[39m

[32m- Expected[39m
[31m+ Received[39m

[32m- 
INACTIVE_REFERRER[39m
[31m+ UNKNOWN_ERROR[39m

[36m [2mÔØ»[22m tests/uni
t/services/affiliate.service
.test.ts:[2m427:27[22m[39
m
    [90m425| [39m
    [90m426| [39m      [3
4mexpect[39m(result[33m.[
39msuccess)[33m.[39m[34mt
oBe[39m([35mfalse[39m)[3
3m;[39m
    [90m427| [39m      [3
4mexpect[39m(result[33m.[
39mcode)[33m.[39m[34mtoBe
[39m([32m'INACTIVE_REFERRE
R'[39m)[33m;[39m
    [90m   | [39m         
                 [31m^[39m
    [90m428| [39m    
})[33m;[39m
    [90m429| [39m  
})[33m;[39m

[31m[2mÔÄ»ÔÄ»ÔÄ»ÔÄ»ÔÄ»ÔÄ»Ô
Ä»ÔÄ»ÔÄ»ÔÄ»ÔÄ»ÔÄ»ÔÄ»ÔÄ»ÔÄ»ÔÄ
»ÔÄ»ÔÄ»ÔÄ»ÔÄ»ÔÄ»ÔÄ»[41/65]ÔÄ
»[22m[39m

[31m[1m[7m FAIL 
[27m[22m[39m tests/unit/s
ervices/affiliate.service.te
st.ts[2m > 
[22mAffiliateService - 
Cadastro de Afiliados[2m > 
[22mgenerateReferralCode - 
Gera├º├úo de C├│digos[2m > 
[22mshould generate 
8-character alphanumeric 
code
[31m[1mReferenceError[22m
: supabase is not 
defined[39m
[36m [2mÔØ»[22m Affiliate
Service.generateReferralCode
 src/services/affiliates/aff
iliate.service.ts:[2m747:34
[22m[39m
    [90m745| [39m
    [90m746| [39m      
[90m// Verifica se o 
c├│digo j├í existe[39m
    [90m747| [39m      
[35mconst[39m { 
data[33m:[39m existing } 
[33m=[39m [35mawait[39m 
supabase
    [90m   | [39m         
                        
[31m^[39m
    [90m748| [39m        
[33m.[39m[35mfrom[39m([3
2m'affiliates'[39m)
    [90m749| [39m        
[33m.[39m[34mselect[39m(
[32m'id'[39m)
[90m [2mÔØ»[22m tests/uni
t/services/affiliate.service
.test.ts:[2m433:34[22m[39
m

[31m[2mÔÄ»ÔÄ»ÔÄ»ÔÄ»ÔÄ»ÔÄ»Ô
Ä»ÔÄ»ÔÄ»ÔÄ»ÔÄ»ÔÄ»ÔÄ»ÔÄ»ÔÄ»ÔÄ
»ÔÄ»ÔÄ»ÔÄ»ÔÄ»ÔÄ»ÔÄ»[42/65]ÔÄ
»[22m[39m

[31m[1m[7m FAIL 
[27m[22m[39m tests/unit/s
ervices/affiliate.service.te
st.ts[2m > 
[22mAffiliateService - 
Cadastro de Afiliados[2m > 
[22mgenerateReferralCode - 
Gera├º├úo de C├│digos[2m > 
[22mshould generate unique 
codes
[31m[1mReferenceError[22m
: supabase is not 
defined[39m
[36m [2mÔØ»[22m Affiliate
Service.generateReferralCode
 src/services/affiliates/aff
iliate.service.ts:[2m747:34
[22m[39m
    [90m745| [39m
    [90m746| [39m      
[90m// Verifica se o 
c├│digo j├í existe[39m
    [90m747| [39m      
[35mconst[39m { 
data[33m:[39m existing } 
[33m=[39m [35mawait[39m 
supabase
    [90m   | [39m         
                        
[31m^[39m
    [90m748| [39m        
[33m.[39m[35mfrom[39m([3
2m'affiliates'[39m)
    [90m749| [39m        
[33m.[39m[34mselect[39m(
[32m'id'[39m)
[90m [2mÔØ»[22m tests/uni
t/services/affiliate.service
.test.ts:[2m443:36[22m[39
m

[31m[2mÔÄ»ÔÄ»ÔÄ»ÔÄ»ÔÄ»ÔÄ»Ô
Ä»ÔÄ»ÔÄ»ÔÄ»ÔÄ»ÔÄ»ÔÄ»ÔÄ»ÔÄ»ÔÄ
»ÔÄ»ÔÄ»ÔÄ»ÔÄ»ÔÄ»ÔÄ»[43/65]ÔÄ
»[22m[39m

[31m[1m[7m FAIL 
[27m[22m[39m tests/unit/s
ervices/affiliate.service.te
st.ts[2m > 
[22mAffiliateService - 
Cadastro de Afiliados[2m > 
[22mgenerateReferralCode - 
Gera├º├úo de C├│digos[2m > 
[22mshould retry if code 
already exists
[31m[1mReferenceError[22m
: supabase is not 
defined[39m
[2m Test Files [22m [1m[31m16 failed[39m[22m[2m | [22m[1m[32m8 passed[39m[22m[90m (24)[39m
[36m [2mÔØ»[22m Affiliate
Service.generateReferralCode
 src/services/affiliates/aff
iliate.service.ts:[2m747:34
[22m[39m
    [90m745| [39m
    [90m746| [39m      
[90m// Verifica se o 
c├│digo j├í existe[39m
[2m      Tests [22m [1m[31m47 failed[39m[22m[2m | [22m[1m[32m61 passed[39m[22m[90m (128)[39m
    [90m747| [39m      
[35mconst[39m { 
data[33m:[39m existing } 
[33m=[39m [35mawait[39m 
supabase
    [90m   | [39m         
                        
[31m^[39m
[2m   Start at [22m 19:29:12
    [90m748| [39m        
[33m.[39m[35mfrom[39m([3
2m'affiliates'[39m)
    [90m749| [39m        
[33m.[39m[34mselect[39m(
[32m'id'[39m)
[90m [2mÔØ»[22m tests/uni
t/services/affiliate.service
.test.ts:[2m459:34[22m[39
m
[2m   Duration [22m 69.71s[2m (transform 3.79s, setup 9ms, collect 15.53s, tests 8.90s, environment 35ms, prepare 49.74s)[22m


[1m[7m[31m FAIL [39m[27m[22m[31m Tests failed. Watching for file changes...[39m
       [2mpress [22m[1mh[22m[2m to show help[22m[2m, [22m[2mpress [22m[1mq[22m[2m to quit[22m

[31m[2mÔÄ»ÔÄ»ÔÄ»ÔÄ»ÔÄ»ÔÄ»Ô
Ä»ÔÄ»ÔÄ»ÔÄ»ÔÄ»ÔÄ»ÔÄ»ÔÄ»ÔÄ»ÔÄ
»ÔÄ»ÔÄ»ÔÄ»ÔÄ»ÔÄ»ÔÄ»[44/65]ÔÄ
»[22m[39m

[31m[1m[7m FAIL 
[27m[22m[39m tests/unit/s
ervices/affiliate.service.te
st.ts[2m > 
[22mAffiliateService - 
Cadastro de Afiliados[2m > 
[22mvalidateWalletId - 
Valida├º├úo Asaas[2m > 
[22mshould validate wallet 
format
[31m[1mTypeError[22m: 
Cannot read properties of 
undefined (reading 
'isValid')[39m
[36m [2mÔØ»[22m tests/uni
t/services/affiliate.service
.test.ts:[2m470:21[22m[39
m
    [90m468| [39m    
[34mit[39m([32m'should 
validate wallet 
format'[39m[33m,[39m 
[35masync[39m () 
[33m=>[39m {
    [90m469| [39m      
[35mconst[39m result 
[33m=[39m [35mawait[39m 
service[33m.[39m[34mvalid
ateWalletId[39m([32m'inval
id_format'[39m)[33m;[39m
    [90m470| [39m      [3
4mexpect[39m(result[33m.[
39misValid)[33m.[39m[34mt
oBe[39m([35mfalse[39m)[3
3m;[39m
    [90m   | [39m         
           [31m^[39m
    [90m471| [39m      [3
4mexpect[39m(result[33m.[
39merror)[33m.[39m[34mtoC
ontain[39m([32m'inv├ílido'
[39m)[33m;[39m
    [90m472| [39m    
})[33m;[39m

[31m[2mÔÄ»ÔÄ»ÔÄ»ÔÄ»ÔÄ»ÔÄ»Ô
Ä»ÔÄ»ÔÄ»ÔÄ»ÔÄ»ÔÄ»ÔÄ»ÔÄ»ÔÄ»ÔÄ
»ÔÄ»ÔÄ»ÔÄ»ÔÄ»ÔÄ»ÔÄ»[45/65]ÔÄ
»[22m[39m

[31m[1m[7m FAIL 
[27m[22m[39m tests/unit/s
ervices/affiliate.service.te
st.ts[2m > 
[22mAffiliateService - 
Cadastro de Afiliados[2m > 
[22mvalidateWalletId - 
Valida├º├úo Asaas[2m > 
[22mshould accept valid 
and active wallet
[31m[1mTypeError[22m: 
Cannot read properties of 
undefined (reading 
'isValid')[39m
[36m [2mÔØ»[22m tests/uni
t/services/affiliate.service
.test.ts:[2m479:21[22m[39
m
    [90m477| [39m      
[35mconst[39m result 
[33m=[39m [35mawait[39m 
service[33m.[39m[34mvalid
ateWalletId[39m(validWallet
)[33m;[39m
    [90m478| [39m
    [90m479| [39m      [3
4mexpect[39m(result[33m.[
39misValid)[33m.[39m[34mt
oBe[39m([35mtrue[39m)[33
m;[39m
    [90m   | [39m         
           [31m^[39m
    [90m480| [39m      [3
4mexpect[39m(result[33m.[
39misActive)[33m.[39m[34m
toBe[39m([35mtrue[39m)[3
3m;[39m
    [90m481| [39m    
})[33m;[39m

[31m[2mÔÄ»ÔÄ»ÔÄ»ÔÄ»ÔÄ»ÔÄ»Ô
Ä»ÔÄ»ÔÄ»ÔÄ»ÔÄ»ÔÄ»ÔÄ»ÔÄ»ÔÄ»ÔÄ
»ÔÄ»ÔÄ»ÔÄ»ÔÄ»ÔÄ»ÔÄ»[46/65]ÔÄ
»[22m[39m

[31m[1m[7m FAIL 
[27m[22m[39m tests/unit/s
ervices/affiliate.service.te
st.ts[2m > 
[22mAffiliateService - 
Cadastro de Afiliados[2m > 
[22mvalidateWalletId - 
Valida├º├úo Asaas[2m > 
[22mshould detect inactive 
wallet
[31m[1mTypeError[22m: 
Cannot read properties of 
undefined (reading 
'isValid')[39m
[36m [2mÔØ»[22m tests/uni
t/services/affiliate.service
.test.ts:[2m490:21[22m[39
m
    [90m488| [39m      
[35mconst[39m result 
[33m=[39m [35mawait[39m 
service[33m.[39m[34mvalid
ateWalletId[39m(inactiveWal
let)[33m;[39m
    [90m489| [39m
    [90m490| [39m      [3
4mexpect[39m(result[33m.[
39misValid)[33m.[39m[34mt
oBe[39m([35mtrue[39m)[33
m;[39m
    [90m   | [39m         
           [31m^[39m
    [90m491| [39m      [3
4mexpect[39m(result[33m.[
39misActive)[33m.[39m[34m
toBe[39m([35mfalse[39m)[
33m;[39m
    [90m492| [39m    
})[33m;[39m

[31m[2mÔÄ»ÔÄ»ÔÄ»ÔÄ»ÔÄ»ÔÄ»Ô
Ä»ÔÄ»ÔÄ»ÔÄ»ÔÄ»ÔÄ»ÔÄ»ÔÄ»ÔÄ»ÔÄ
»ÔÄ»ÔÄ»ÔÄ»ÔÄ»ÔÄ»ÔÄ»[47/65]ÔÄ
»[22m[39m

[31m[1m[7m FAIL 
[27m[22m[39m tests/unit/s
ervices/affiliate.service.te
st.ts[2m > 
[22mAffiliateService - 
Cadastro de Afiliados[2m > 
[22mgetAffiliateByCode - 
Busca por C├│digo[2m > 
[22mshould find affiliate 
by referral code
[31m[1mAssertionError[22m
: expected false to be true 
// Object.is equality[39m

[32m- Expected[39m
[31m+ Received[39m

[32m- true[39m
[31m+ false[39m

[36m [2mÔØ»[22m tests/uni
t/services/affiliate.service
.test.ts:[2m508:30[22m[39
m
    [90m506| [39m      
[35mconst[39m result 
[33m=[39m [35mawait[39m 
service[33m.[39m[34mgetAf
filiateByCode[39m([32m'TES
T1234'[39m)[33m;[39m
    [90m507| [39m
    [90m508| [39m      [3
4mexpect[39m(result[33m.[
39msuccess)[33m.[39m[34mt
oBe[39m([35mtrue[39m)[33
m;[39m
    [90m   | [39m         
                    
[31m^[39m
    [90m509| [39m      [3
4mexpect[39m(result[33m.[
39mdata[33m?.[39mid)[33m.
[39m[34mtoBe[39m([32m'te
st-id'[39m)[33m;[39m
    [90m510| [39m      [3
4mexpect[39m(result[33m.[
39mdata[33m?.[39mname)[33
m.[39m[34mtoBe[39m([32m'
Test User'[39m)[33m;[39m

[31m[2mÔÄ»ÔÄ»ÔÄ»ÔÄ»ÔÄ»ÔÄ»Ô
Ä»ÔÄ»ÔÄ»ÔÄ»ÔÄ»ÔÄ»ÔÄ»ÔÄ»ÔÄ»ÔÄ
»ÔÄ»ÔÄ»ÔÄ»ÔÄ»ÔÄ»ÔÄ»[48/65]ÔÄ
»[22m[39m

[31m[1m[7m FAIL 
[27m[22m[39m tests/unit/s
ervices/affiliate.service.te
st.ts[2m > 
[22mAffiliateService - 
Cadastro de Afiliados[2m > 
[22mgetAffiliateByCode - 
Busca por C├│digo[2m > 
[22mshould return error 
for non-existent code
[31m[1mAssertionError[22m
: expected 'UNKNOWN_ERROR' 
to be 'AFFILIATE_NOT_FOUND' 
// Object.is equality[39m

[32m- Expected[39m
[31m+ Received[39m

[32m- 
AFFILIATE_NOT_FOUND[39m
[31m+ UNKNOWN_ERROR[39m

[36m [2mÔØ»[22m tests/uni
t/services/affiliate.service
.test.ts:[2m517:27[22m[39
m
    [90m515| [39m
    [90m516| [39m      [3
4mexpect[39m(result[33m.[
39msuccess)[33m.[39m[34mt
oBe[39m([35mfalse[39m)[3
3m;[39m
    [90m517| [39m      [3
4mexpect[39m(result[33m.[
39mcode)[33m.[39m[34mtoBe
[39m([32m'AFFILIATE_NOT_FO
UND'[39m)[33m;[39m
    [90m   | [39m         
                 [31m^[39m
    [90m518| [39m    
})[33m;[39m
    [90m519| [39m  
})[33m;[39m

[31m[2mÔÄ»ÔÄ»ÔÄ»ÔÄ»ÔÄ»ÔÄ»Ô
Ä»ÔÄ»ÔÄ»ÔÄ»ÔÄ»ÔÄ»ÔÄ»ÔÄ»ÔÄ»ÔÄ
»ÔÄ»ÔÄ»ÔÄ»ÔÄ»ÔÄ»ÔÄ»[49/65]ÔÄ
»[22m[39m

[31mCancelling test run. Press CTRL+c again to exit forcefully.
[39m
