
> slim-quality-frontend@0.0.0 test
> vitest


[7m[1m[34m DEV [39m[22m[27m [34mv1.6.1[39m [90mE:/PROJETOS SITE/repositorios/slim-quality[39m

 [33mÔØ»[39m tests/unit/services/appointment.service.test.ts [2m ([22m[2m0 test[22m[2m)[22m
 [33mÔØ»[39m tests/unit/services/timeline.service.test.ts [2m ([22m[2m0 test[22m[2m)[22m
 [33mÔØ»[39m tests/unit/services/conversation.service.test.ts [2m ([22m[2m0 test[22m[2m)[22m
 [33mÔØ»[39m tests/integration/api/appointment.api.test.ts [2m ([22m[2m0 test[22m[2m)[22m
 [33mÔØ»[39m tests/integration/api-register.test.ts [2m ([22m[2m16 tests[22m [2m|[22m [31m16 failed[39m[2m)[22m[90m 26[2mms[22m[39m
[31m   [33mÔØ»[31m tests/integration/api-register.test.ts[2m > [22mAPI de Registro de Afiliados[2m > [22mRegistro V├ílido[2m > [22mdeve registrar Individual com CPF v├ílido[39m
[31m     ÔåÆ Cannot read properties of undefined (reading 'json')[39m
[31m   [33mÔØ»[31m tests/integration/api-register.test.ts[2m > [22mAPI de Registro de Afiliados[2m > [22mRegistro V├ílido[2m > [22mdeve registrar Logista com CNPJ v├ílido[39m
[31m     ÔåÆ Cannot read properties of undefined (reading 'json')[39m
[31m   [33mÔØ»[31m tests/integration/api-register.test.ts[2m > [22mAPI de Registro de Afiliados[2m > [22mRegistro V├ílido[2m > [22mdeve armazenar document sem formata├º├úo[39m
[31m     ÔåÆ Cannot read properties of undefined (reading 'json')[39m
[31m   [33mÔØ»[31m tests/integration/api-register.test.ts[2m > [22mAPI de Registro de Afiliados[2m > [22mValida├º├úo de affiliate_type[2m > [22mdeve rejeitar affiliate_type inv├ílido[39m
[31m     ÔåÆ Cannot read properties of undefined (reading 'json')[39m
[31m   [33mÔØ»[31m tests/integration/api-register.test.ts[2m > [22mAPI de Registro de Afiliados[2m > [22mValida├º├úo de affiliate_type[2m > [22mdeve rejeitar quando affiliate_type est├í ausente[39m
[31m     ÔåÆ Cannot read properties of undefined (reading 'json')[39m
[31m   [33mÔØ»[31m tests/integration/api-register.test.ts[2m > [22mAPI de Registro de Afiliados[2m > [22mValida├º├úo de CPF (Individual)[2m > [22mdeve rejeitar Individual com CPF de comprimento errado[39m
[31m     ÔåÆ Cannot read properties of undefined (reading 'json')[39m
[31m   [33mÔØ»[31m tests/integration/api-register.test.ts[2m > [22mAPI de Registro de Afiliados[2m > [22mValida├º├úo de CPF (Individual)[2m > [22mdeve rejeitar Individual com CPF com d├¡gitos verificadores inv├ílidos[39m
[31m     ÔåÆ Cannot read properties of undefined (reading 'json')[39m
[31m   [33mÔØ»[31m tests/integration/api-register.test.ts[2m > [22mAPI de Registro de Afiliados[2m > [22mValida├º├úo de CPF (Individual)[2m > [22mdeve rejeitar Individual com CPF de todos os d├¡gitos iguais[39m
[31m     ÔåÆ Cannot read properties of undefined (reading 'json')[39m
[31m   [33mÔØ»[31m tests/integration/api-register.test.ts[2m > [22mAPI de Registro de Afiliados[2m > [22mValida├º├úo de CNPJ (Logista)[2m > [22mdeve rejeitar Logista sem CNPJ[39m
[31m     ÔåÆ Cannot read properties of undefined (reading 'json')[39m
[31m   [33mÔØ»[31m tests/integration/api-register.test.ts[2m > [22mAPI de Registro de Afiliados[2m > [22mValida├º├úo de CNPJ (Logista)[2m > [22mdeve rejeitar Logista com CNPJ de comprimento errado[39m
[31m     ÔåÆ Cannot read properties of undefined (reading 'json')[39m
[31m   [33mÔØ»[31m tests/integration/api-register.test.ts[2m > [22mAPI de Registro de Afiliados[2m > [22mValida├º├úo de CNPJ (Logista)[2m > [22mdeve rejeitar Logista com CNPJ com d├¡gitos verificadores inv├ílidos[39m
[31m     ÔåÆ Cannot read properties of undefined (reading 'json')[39m
[31m   [33mÔØ»[31m tests/integration/api-register.test.ts[2m > [22mAPI de Registro de Afiliados[2m > [22mValida├º├úo de CNPJ (Logista)[2m > [22mdeve rejeitar Logista com CNPJ de todos os d├¡gitos iguais[39m
[31m     ÔåÆ Cannot read properties of undefined (reading 'json')[39m
[31m   [33mÔØ»[31m tests/integration/api-register.test.ts[2m > [22mAPI de Registro de Afiliados[2m > [22mValida├º├úo de Duplicatas[2m > [22mdeve rejeitar email duplicado[39m
[31m     ÔåÆ Cannot read properties of undefined (reading 'json')[39m
[31m   [33mÔØ»[31m tests/integration/api-register.test.ts[2m > [22mAPI de Registro de Afiliados[2m > [22mValida├º├úo de Duplicatas[2m > [22mdeve rejeitar CPF duplicado[39m
[31m     ÔåÆ Cannot read properties of undefined (reading 'json')[39m
[31m   [33mÔØ»[31m tests/integration/api-register.test.ts[2m > [22mAPI de Registro de Afiliados[2m > [22mValida├º├úo de Duplicatas[2m > [22mdeve rejeitar CNPJ duplicado[39m
[31m     ÔåÆ Cannot read properties of undefined (reading 'json')[39m
[31m   [33mÔØ»[31m tests/integration/api-register.test.ts[2m > [22mAPI de Registro de Afiliados[2m > [22mVerifica├º├úo de financial_status[2m > [22mdeve sempre criar afiliado com financial_status=financeiro_pendente[39m
[31m     ÔåÆ Cannot read properties of undefined (reading 'json')[39m
 [33mÔØ»[39m tests/integration/api/customer.api.test.ts [2m ([22m[2m0 test[22m[2m)[22m
 [33mÔØ»[39m tests/integration/api/conversation.api.test.ts [2m ([22m[2m0 test[22m[2m)[22m
 [33mÔØ»[39m tests/unit/services/customer.service.test.ts [2m ([22m[2m0 test[22m[2m)[22m
 [32mÔ£ô[39m tests/services/comprehensive-logging.test.ts [2m ([22m[2m13 tests[22m[2m)[22m[90m 24[2mms[22m[39m
 [33mÔØ»[39m tests/integration/crm-integration.test.ts [2m ([22m[2m0 test[22m[2m)[22m
 [32mÔ£ô[39m tests/services/webhook-signature-validation.test.ts [2m ([22m[2m10 tests[22m[2m)[22m[90m 17[2mms[22m[39m
